Archive member included to satisfy reference by file (symbol)

c:/program files (x86)/arm gnu toolchain arm-none-eabi/12.3 rel1/bin/../lib/gcc/arm-none-eabi/12.3.1/thumb/v7e-m+fp/hard\libgcc.a(_aeabi_uldivmod.o)
                              build/stm32g4xx_hal_uart.o (__aeabi_uldivmod)
c:/program files (x86)/arm gnu toolchain arm-none-eabi/12.3 rel1/bin/../lib/gcc/arm-none-eabi/12.3.1/thumb/v7e-m+fp/hard\libgcc.a(_udivmoddi4.o)
                              c:/program files (x86)/arm gnu toolchain arm-none-eabi/12.3 rel1/bin/../lib/gcc/arm-none-eabi/12.3.1/thumb/v7e-m+fp/hard\libgcc.a(_aeabi_uldivmod.o) (__udivmoddi4)
c:/program files (x86)/arm gnu toolchain arm-none-eabi/12.3 rel1/bin/../lib/gcc/arm-none-eabi/12.3.1/thumb/v7e-m+fp/hard\libgcc.a(unwind-arm.o)
                              build/main.o (__aeabi_unwind_cpp_pr0)
c:/program files (x86)/arm gnu toolchain arm-none-eabi/12.3 rel1/bin/../lib/gcc/arm-none-eabi/12.3.1/thumb/v7e-m+fp/hard\libgcc.a(libunwind.o)
                              c:/program files (x86)/arm gnu toolchain arm-none-eabi/12.3 rel1/bin/../lib/gcc/arm-none-eabi/12.3.1/thumb/v7e-m+fp/hard\libgcc.a(unwind-arm.o) (restore_core_regs)
c:/program files (x86)/arm gnu toolchain arm-none-eabi/12.3 rel1/bin/../lib/gcc/arm-none-eabi/12.3.1/thumb/v7e-m+fp/hard\libgcc.a(pr-support.o)
                              c:/program files (x86)/arm gnu toolchain arm-none-eabi/12.3 rel1/bin/../lib/gcc/arm-none-eabi/12.3.1/thumb/v7e-m+fp/hard\libgcc.a(unwind-arm.o) (__gnu_unwind_execute)
c:/program files (x86)/arm gnu toolchain arm-none-eabi/12.3 rel1/bin/../lib/gcc/arm-none-eabi/12.3.1/thumb/v7e-m+fp/hard\libgcc.a(_dvmd_tls.o)
                              c:/program files (x86)/arm gnu toolchain arm-none-eabi/12.3 rel1/bin/../lib/gcc/arm-none-eabi/12.3.1/thumb/v7e-m+fp/hard\libgcc.a(_aeabi_uldivmod.o) (__aeabi_ldiv0)
c:/program files (x86)/arm gnu toolchain arm-none-eabi/12.3 rel1/bin/../lib/gcc/arm-none-eabi/12.3.1/thumb/v7e-m+fp/hard\librdimon_nano.a(arm_librdimon_a-syscalls.o)
                              c:/program files (x86)/arm gnu toolchain arm-none-eabi/12.3 rel1/bin/../lib/gcc/arm-none-eabi/12.3.1/thumb/v7e-m+fp/hard/rdimon-crt0.o (__heap_limit)
c:/program files (x86)/arm gnu toolchain arm-none-eabi/12.3 rel1/bin/../lib/gcc/arm-none-eabi/12.3.1/thumb/v7e-m+fp/hard\libc_nano.a(libc_a-abort.o)
                              c:/program files (x86)/arm gnu toolchain arm-none-eabi/12.3 rel1/bin/../lib/gcc/arm-none-eabi/12.3.1/thumb/v7e-m+fp/hard\libgcc.a(pr-support.o) (abort)
c:/program files (x86)/arm gnu toolchain arm-none-eabi/12.3 rel1/bin/../lib/gcc/arm-none-eabi/12.3.1/thumb/v7e-m+fp/hard\libc_nano.a(libc_a-exit.o)
                              c:/program files (x86)/arm gnu toolchain arm-none-eabi/12.3 rel1/bin/../lib/gcc/arm-none-eabi/12.3.1/thumb/v7e-m+fp/hard/rdimon-crt0.o (exit)
c:/program files (x86)/arm gnu toolchain arm-none-eabi/12.3 rel1/bin/../lib/gcc/arm-none-eabi/12.3.1/thumb/v7e-m+fp/hard\libc_nano.a(libc_a-nano-vfprintf_float.o)
                              (_printf_float)
c:/program files (x86)/arm gnu toolchain arm-none-eabi/12.3 rel1/bin/../lib/gcc/arm-none-eabi/12.3.1/thumb/v7e-m+fp/hard\libc_nano.a(libc_a-nano-vfprintf_i.o)
                              c:/program files (x86)/arm gnu toolchain arm-none-eabi/12.3 rel1/bin/../lib/gcc/arm-none-eabi/12.3.1/thumb/v7e-m+fp/hard\libc_nano.a(libc_a-nano-vfprintf_float.o) (_printf_common)
c:/program files (x86)/arm gnu toolchain arm-none-eabi/12.3 rel1/bin/../lib/gcc/arm-none-eabi/12.3.1/thumb/v7e-m+fp/hard\libc_nano.a(libc_a-findfp.o)
                              c:/program files (x86)/arm gnu toolchain arm-none-eabi/12.3 rel1/bin/../lib/gcc/arm-none-eabi/12.3.1/thumb/v7e-m+fp/hard\libc_nano.a(libc_a-exit.o) (__stdio_exit_handler)
c:/program files (x86)/arm gnu toolchain arm-none-eabi/12.3 rel1/bin/../lib/gcc/arm-none-eabi/12.3.1/thumb/v7e-m+fp/hard\libc_nano.a(libc_a-fwalk.o)
                              c:/program files (x86)/arm gnu toolchain arm-none-eabi/12.3 rel1/bin/../lib/gcc/arm-none-eabi/12.3.1/thumb/v7e-m+fp/hard\libc_nano.a(libc_a-findfp.o) (_fwalk_sglue)
c:/program files (x86)/arm gnu toolchain arm-none-eabi/12.3 rel1/bin/../lib/gcc/arm-none-eabi/12.3.1/thumb/v7e-m+fp/hard\libc_nano.a(libc_a-stdio.o)
                              c:/program files (x86)/arm gnu toolchain arm-none-eabi/12.3 rel1/bin/../lib/gcc/arm-none-eabi/12.3.1/thumb/v7e-m+fp/hard\libc_nano.a(libc_a-findfp.o) (__sread)
c:/program files (x86)/arm gnu toolchain arm-none-eabi/12.3 rel1/bin/../lib/gcc/arm-none-eabi/12.3.1/thumb/v7e-m+fp/hard\libc_nano.a(libc_a-memset.o)
                              c:/program files (x86)/arm gnu toolchain arm-none-eabi/12.3 rel1/bin/../lib/gcc/arm-none-eabi/12.3.1/thumb/v7e-m+fp/hard/rdimon-crt0.o (memset)
c:/program files (x86)/arm gnu toolchain arm-none-eabi/12.3 rel1/bin/../lib/gcc/arm-none-eabi/12.3.1/thumb/v7e-m+fp/hard\libc_nano.a(libc_a-signal.o)
[...]
Memory Configuration

Name             Origin             Length             Attributes
RAM              0x20000000         0x00008000         xrw
FLASH            0x08000000         0x00020000         xr
*default*        0x00000000         0xffffffff

Linker script and memory map

LOAD c:/program files (x86)/arm gnu toolchain arm-none-eabi/12.3 rel1/bin/../lib/gcc/arm-none-eabi/12.3.1/thumb/v7e-m+fp/hard/crti.o
LOAD c:/program files (x86)/arm gnu toolchain arm-none-eabi/12.3 rel1/bin/../lib/gcc/arm-none-eabi/12.3.1/thumb/v7e-m+fp/hard/crtbegin.o
LOAD c:/program files (x86)/arm gnu toolchain arm-none-eabi/12.3 rel1/bin/../lib/gcc/arm-none-eabi/12.3.1/thumb/v7e-m+fp/hard/rdimon-crt0.o
LOAD build/gpio.o
LOAD build/dma.o
LOAD build/fdcan.o
LOAD build/i2c.o
LOAD build/spi.o
LOAD build/tim.o
LOAD build/usart.o
LOAD build/stm32g4xx_it.o
LOAD build/stm32g4xx_hal_msp.o
LOAD build/stm32g4xx_hal_fdcan.o
LOAD build/stm32g4xx_hal.o
LOAD build/stm32g4xx_hal_rcc.o
LOAD build/stm32g4xx_hal_rcc_ex.o
LOAD build/stm32g4xx_hal_flash.o
LOAD build/stm32g4xx_hal_flash_ex.o
LOAD build/stm32g4xx_hal_flash_ramfunc.o
LOAD build/stm32g4xx_hal_gpio.o
LOAD build/stm32g4xx_hal_exti.o
LOAD build/stm32g4xx_hal_dma.o
LOAD build/stm32g4xx_hal_dma_ex.o
LOAD build/stm32g4xx_hal_pwr.o
LOAD build/stm32g4xx_hal_pwr_ex.o
LOAD build/stm32g4xx_hal_cortex.o
LOAD build/stm32g4xx_hal_i2c.o
LOAD build/stm32g4xx_hal_i2c_ex.o
LOAD build/stm32g4xx_hal_spi.o
LOAD build/stm32g4xx_hal_spi_ex.o
LOAD build/stm32g4xx_hal_tim.o
LOAD build/stm32g4xx_hal_tim_ex.o
LOAD build/stm32g4xx_hal_uart.o
LOAD build/stm32g4xx_hal_uart_ex.o
LOAD build/system_stm32g4xx.o
LOAD build/main.o
LOAD build/A3921Driver.o
LOAD build/MCP3421.o
LOAD build/PID.o
LOAD build/CANManager.o
LOAD build/Init.o
LOAD build/startup_stm32g431xx.o
LOAD c:/program files (x86)/arm gnu toolchain arm-none-eabi/12.3 rel1/bin/../lib/gcc/arm-none-eabi/12.3.1/thumb/v7e-m+fp/hard\libnosys.a
LOAD c:/program files (x86)/arm gnu toolchain arm-none-eabi/12.3 rel1/bin/../lib/gcc/arm-none-eabi/12.3.1/thumb/v7e-m+fp/hard\libgcc.a
LOAD c:/program files (x86)/arm gnu toolchain arm-none-eabi/12.3 rel1/bin/../lib/gcc/arm-none-eabi/12.3.1/thumb/v7e-m+fp/hard\librdimon_nano.a
LOAD c:/program files (x86)/arm gnu toolchain arm-none-eabi/12.3 rel1/bin/../lib/gcc/arm-none-eabi/12.3.1/thumb/v7e-m+fp/hard\libstdc++_nano.a
LOAD c:/program files (x86)/arm gnu toolchain arm-none-eabi/12.3 rel1/bin/../lib/gcc/arm-none-eabi/12.3.1/thumb/v7e-m+fp/hard\libstdc++_nano.a
LOAD c:/program files (x86)/arm gnu toolchain arm-none-eabi/12.3 rel1/bin/../lib/gcc/arm-none-eabi/12.3.1/thumb/v7e-m+fp/hard\libm.a
LOAD c:/program files (x86)/arm gnu toolchain arm-none-eabi/12.3 rel1/bin/../lib/gcc/arm-none-eabi/12.3.1/thumb/v7e-m+fp/hard\libc_nano.a
START GROUP
LOAD c:/program files (x86)/arm gnu toolchain arm-none-eabi/12.3 rel1/bin/../lib/gcc/arm-none-eabi/12.3.1/thumb/v7e-m+fp/hard\libgcc.a
LOAD c:/program files (x86)/arm gnu toolchain arm-none-eabi/12.3 rel1/bin/../lib/gcc/arm-none-eabi/12.3.1/thumb/v7e-m+fp/hard\libc_nano.a
END GROUP
START GROUP
LOAD c:/program files (x86)/arm gnu toolchain arm-none-eabi/12.3 rel1/bin/../lib/gcc/arm-none-eabi/12.3.1/thumb/v7e-m+fp/hard\libgcc.a
LOAD c:/program files (x86)/arm gnu toolchain arm-none-eabi/12.3 rel1/bin/../lib/gcc/arm-none-eabi/12.3.1/thumb/v7e-m+fp/hard\libc_nano.a
LOAD c:/program files (x86)/arm gnu toolchain arm-none-eabi/12.3 rel1/bin/../lib/gcc/arm-none-eabi/12.3.1/thumb/v7e-m+fp/hard\librdimon_nano.a
END GROUP
START GROUP
LOAD c:/program files (x86)/arm gnu toolchain arm-none-eabi/12.3 rel1/bin/../lib/gcc/arm-none-eabi/12.3.1/thumb/v7e-m+fp/hard\libgcc.a
LOAD c:/program files (x86)/arm gnu toolchain arm-none-eabi/12.3 rel1/bin/../lib/gcc/arm-none-eabi/12.3.1/thumb/v7e-m+fp/hard\libc_nano.a
LOAD c:/program files (x86)/arm gnu toolchain arm-none-eabi/12.3 rel1/bin/../lib/gcc/arm-none-eabi/12.3.1/thumb/v7e-m+fp/hard\librdimon_nano.a
END GROUP
LOAD c:/program files (x86)/arm gnu toolchain arm-none-eabi/12.3 rel1/bin/../lib/gcc/arm-none-eabi/12.3.1/thumb/v7e-m+fp/hard/crtend.o
LOAD c:/program files (x86)/arm gnu toolchain arm-none-eabi/12.3 rel1/bin/../lib/gcc/arm-none-eabi/12.3.1/thumb/v7e-m+fp/hard/crtn.o
                0x20008000                        _estack = (ORIGIN (RAM) + LENGTH (RAM))
                0x00000200                        _Min_Heap_Size = 0x200
                0x00000400                        _Min_Stack_Size = 0x400

.isr_vector     0x08000000      0x1d8
                0x08000000                        . = ALIGN (0x4)
 *(.isr_vector)
 .isr_vector    0x08000000      0x1d8 build/startup_stm32g431xx.o
                0x08000000                g_pfnVectors
                0x080001d8                        . = ALIGN (0x4)

.text           0x080001e0     0x848c
                0x080001e0                        . = ALIGN (0x4)
 *(.text)
 .text          0x080001e0       0x30 c:/program files (x86)/arm gnu toolchain arm-none-eabi/12.3 rel1/bin/../lib/gcc/arm-none-eabi/12.3.1/thumb/v7e-m+fp/hard\libgcc.a(_aeabi_uldivmod.o)
                0x080001e0                __aeabi_uldivmod
 .text          0x08000210      0x1ac c:/program files (x86)/arm gnu toolchain arm-none-eabi/12.3 rel1/bin/../lib/gcc/arm-none-eabi/12.3.1/thumb/v7e-m+fp/hard\libgcc.a(libunwind.o)
                0x08000210                __restore_core_regs
                0x08000210                restore_core_regs
                0x08000228                __gnu_Unwind_Restore_VFP
                0x08000230                __gnu_Unwind_Save_VFP
                0x08000238                __gnu_Unwind_Restore_VFP_D
                0x08000240                __gnu_Unwind_Save_VFP_D
                0x08000248                __gnu_Unwind_Restore_VFP_D_16_to_31
                0x08000250                __gnu_Unwind_Save_VFP_D_16_to_31
                0x08000258                __gnu_Unwind_Restore_WMMXD
                0x0800029c                __gnu_Unwind_Save_WMMXD
                0x080002e0                __gnu_Unwind_Restore_WMMXC
                0x080002f4                __gnu_Unwind_Save_WMMXC
                0x08000308                ___Unwind_RaiseException
                0x08000308                _Unwind_RaiseException
                0x0800032c                _Unwind_Resume
                0x0800032c                ___Unwind_Resume
                0x08000350                _Unwind_Resume_or_Rethrow
                0x08000350                ___Unwind_Resume_or_Rethrow
                0x08000374                _Unwind_ForcedUnwind
                0x08000374                ___Unwind_ForcedUnwind
                0x08000398                ___Unwind_Backtrace
                0x08000398                _Unwind_Backtrace
 .text          0x080003bc        0x4 c:/program files (x86)/arm gnu toolchain arm-none-eabi/12.3 rel1/bin/../lib/gcc/arm-none-eabi/12.3.1/thumb/v7e-m+fp/hard\libgcc.a(_dvmd_tls.o)
                0x080003bc                __aeabi_idiv0
                0x080003bc                __aeabi_ldiv0
 .text          0x080003c0       0xa0 c:/program files (x86)/arm gnu toolchain arm-none-eabi/12.3 rel1/bin/../lib/gcc/arm-none-eabi/12.3.1/thumb/v7e-m+fp/hard\libc_nano.a(libc_a-memchr.o)
                0x080003c0                memchr
 .text          0x08000460       0x10 c:/program files (x86)/arm gnu toolchain arm-none-eabi/12.3 rel1/bin/../lib/gcc/arm-none-eabi/12.3.1/thumb/v7e-m+fp/hard\libc_nano.a(libc_a-strlen.o)
                0x08000460                strlen
 .text          0x08000470      0x378 c:/program files (x86)/arm gnu toolchain arm-none-eabi/12.3 rel1/bin/../lib/gcc/arm-none-eabi/12.3.1/thumb/v7e-m+fp/hard\libgcc.a(_arm_addsubdf3.o)
                0x08000470                __aeabi_drsub
                0x08000478                __aeabi_dsub
                0x08000478                __subdf3
                0x0800047c                __aeabi_dadd
                0x0800047c                __adddf3
                0x080006f4                __floatunsidf
                0x080006f4                __aeabi_ui2d
                0x08000714                __floatsidf
                0x08000714                __aeabi_i2d
                0x08000738                __aeabi_f2d
                0x08000738                __extendsfdf2
                0x0800077c                __floatundidf
                0x0800077c                __aeabi_ul2d
                0x0800078c                __floatdidf
                0x0800078c                __aeabi_l2d
 .text          0x080007e8      0x424 c:/program files (x86)/arm gnu toolchain arm-none-eabi/12.3 rel1/bin/../lib/gcc/arm-none-eabi/12.3.1/thumb/v7e-m+fp/hard\libgcc.a(_arm_muldivdf3.o)
                0x080007e8                __aeabi_dmul
                0x080007e8                __muldf3
                0x08000a3c                __divdf3
                0x08000a3c                __aeabi_ddiv
 .text          0x08000c0c      0x110 c:/program files (x86)/arm gnu toolchain arm-none-eabi/12.3 rel1/bin/../lib/gcc/arm-none-eabi/12.3.1/thumb/v7e-m+fp/hard\libgcc.a(_arm_cmpdf2.o)
                0x08000c0c                __gtdf2
                0x08000c0c                __gedf2
                0x08000c14                __ltdf2
                0x08000c14                __ledf2
                0x08000c1c                __nedf2
                0x08000c1c                __eqdf2
                0x08000c1c                __cmpdf2
                0x08000c98                __aeabi_cdrcmple
                0x08000ca8                __aeabi_cdcmpeq
                0x08000ca8                __aeabi_cdcmple
                0x08000cb8                __aeabi_dcmpeq
                0x08000ccc                __aeabi_dcmplt
                0x08000ce0                __aeabi_dcmple
                0x08000cf4                __aeabi_dcmpge
                0x08000d08                __aeabi_dcmpgt
 .text          0x08000d1c       0x2c c:/program files (x86)/arm gnu toolchain arm-none-eabi/12.3 rel1/bin/../lib/gcc/arm-none-eabi/12.3.1/thumb/v7e-m+fp/hard\libgcc.a(_arm_unorddf2.o)
                0x08000d1c                __unorddf2
                0x08000d1c                __aeabi_dcmpun
 .text          0x08000d48       0x50 c:/program files (x86)/arm gnu toolchain arm-none-eabi/12.3 rel1/bin/../lib/gcc/arm-none-eabi/12.3.1/thumb/v7e-m+fp/hard\libgcc.a(_arm_fixdfsi.o)
                0x08000d48                __aeabi_d2iz
                0x08000d48                __fixdfsi
 *(.text*)
 .text.deregister_tm_clones
                0x08000d98       0x1c c:/program files (x86)/arm gnu toolchain arm-none-eabi/12.3 rel1/bin/../lib/gcc/arm-none-eabi/12.3.1/thumb/v7e-m+fp/hard/crtbegin.o
 .text.register_tm_clones
                0x08000db4       0x24 c:/program files (x86)/arm gnu toolchain arm-none-eabi/12.3 rel1/bin/../lib/gcc/arm-none-eabi/12.3.1/thumb/v7e-m+fp/hard/crtbegin.o
 .text.__do_global_dtors_aux
                0x08000dd8       0x28 c:/program files (x86)/arm gnu toolchain arm-none-eabi/12.3 rel1/bin/../lib/gcc/arm-none-eabi/12.3.1/thumb/v7e-m+fp/hard/crtbegin.o
 .text.frame_dummy
                0x08000e00       0x24 c:/program files (x86)/arm gnu toolchain arm-none-eabi/12.3 rel1/bin/../lib/gcc/arm-none-eabi/12.3.1/thumb/v7e-m+fp/hard/crtbegin.o
 .text.MX_GPIO_Init
                0x08000e24       0xe8 build/gpio.o
                0x08000e24                MX_GPIO_Init
 .text.MX_DMA_Init
                0x08000f0c       0x94 build/dma.o
                0x08000f0c                MX_DMA_Init
 .text.MX_FDCAN1_Init
                0x08000fa0       0x4c build/fdcan.o
                0x08000fa0                MX_FDCAN1_Init
 .text.HAL_FDCAN_MspInit
                0x08000fec       0xa0 build/fdcan.o
                0x08000fec                HAL_FDCAN_MspInit
 .text.MX_I2C1_Init
                0x0800108c       0x60 build/i2c.o
                0x0800108c                MX_I2C1_Init
 .text.HAL_I2C_MspInit
                0x080010ec      0x134 build/i2c.o
                0x080010ec                HAL_I2C_MspInit
 .text.MX_SPI2_Init
                0x08001220       0x4c build/spi.o
                0x08001220                MX_SPI2_Init
 .text.HAL_SPI_MspInit
                0x0800126c       0xd4 build/spi.o
                0x0800126c                HAL_SPI_MspInit
 .text.MX_TIM1_Init
                0x08001340       0x68 build/tim.o
                0x08001340                MX_TIM1_Init
 .text.MX_TIM3_Init
                0x080013a8       0x64 build/tim.o
                0x080013a8                MX_TIM3_Init
 .text.MX_TIM4_Init
                0x0800140c       0x70 build/tim.o
                0x0800140c                MX_TIM4_Init
 .text.HAL_TIM_Encoder_MspInit
                0x0800147c       0xac build/tim.o
                0x0800147c                HAL_TIM_Encoder_MspInit
 .text.HAL_TIM_Base_MspInit
                0x08001528       0x60 build/tim.o
                0x08001528                HAL_TIM_Base_MspInit
 .text.HAL_TIM_MspPostInit
                0x08001588       0x4a build/tim.o
                0x08001588                HAL_TIM_MspPostInit
 *fill*         0x080015d2        0x2 
 .text.MX_TIM2_Init
                0x080015d4       0xac build/tim.o
                0x080015d4                MX_TIM2_Init
 .text.MX_USART3_UART_Init
                0x08001680       0x68 build/usart.o
                0x08001680                MX_USART3_UART_Init
 .text.HAL_UART_MspInit
                0x080016e8       0xf8 build/usart.o
                0x080016e8                HAL_UART_MspInit
 .text.NMI_Handler
                0x080017e0        0x2 build/stm32g4xx_it.o
                0x080017e0                NMI_Handler
 .text.HardFault_Handler
                0x080017e2        0x2 build/stm32g4xx_it.o
                0x080017e2                HardFault_Handler
 .text.MemManage_Handler
                0x080017e4        0x2 build/stm32g4xx_it.o
                0x080017e4                MemManage_Handler
 .text.BusFault_Handler
                0x080017e6        0x2 build/stm32g4xx_it.o
                0x080017e6                BusFault_Handler
 .text.UsageFault_Handler
                0x080017e8        0x2 build/stm32g4xx_it.o
                0x080017e8                UsageFault_Handler
 .text.SVC_Handler
                0x080017ea        0x2 build/stm32g4xx_it.o
                0x080017ea                SVC_Handler
 .text.DebugMon_Handler
                0x080017ec        0x2 build/stm32g4xx_it.o
                0x080017ec                DebugMon_Handler
 .text.PendSV_Handler
                0x080017ee        0x2 build/stm32g4xx_it.o
                0x080017ee                PendSV_Handler
 .text.SysTick_Handler
                0x080017f0        0x8 build/stm32g4xx_it.o
                0x080017f0                SysTick_Handler
 .text.DMA1_Channel1_IRQHandler
                0x080017f8       0x10 build/stm32g4xx_it.o
                0x080017f8                DMA1_Channel1_IRQHandler
 .text.DMA1_Channel2_IRQHandler
                0x08001808       0x10 build/stm32g4xx_it.o
                0x08001808                DMA1_Channel2_IRQHandler
 .text.DMA1_Channel3_IRQHandler
                0x08001818       0x10 build/stm32g4xx_it.o
                0x08001818                DMA1_Channel3_IRQHandler
 .text.DMA1_Channel4_IRQHandler
                0x08001828       0x10 build/stm32g4xx_it.o
                0x08001828                DMA1_Channel4_IRQHandler
 .text.DMA1_Channel5_IRQHandler
                0x08001838       0x10 build/stm32g4xx_it.o
                0x08001838                DMA1_Channel5_IRQHandler
 .text.DMA1_Channel6_IRQHandler
                0x08001848       0x10 build/stm32g4xx_it.o
                0x08001848                DMA1_Channel6_IRQHandler
 .text.FDCAN1_IT0_IRQHandler
                0x08001858       0x10 build/stm32g4xx_it.o
                0x08001858                FDCAN1_IT0_IRQHandler
 .text.TIM4_IRQHandler
                0x08001868       0x10 build/stm32g4xx_it.o
                0x08001868                TIM4_IRQHandler
 .text.HAL_MspInit
                0x08001878       0x38 build/stm32g4xx_hal_msp.o
                0x08001878                HAL_MspInit
 .text.FDCAN_CalcultateRamBlockAddresses
                0x080018b0       0x68 build/stm32g4xx_hal_fdcan.o
 .text.HAL_FDCAN_Init
                0x08001918      0x1d4 build/stm32g4xx_hal_fdcan.o
                0x08001918                HAL_FDCAN_Init
 .text.HAL_FDCAN_ConfigFilter
                0x08001aec       0x66 build/stm32g4xx_hal_fdcan.o
                0x08001aec                HAL_FDCAN_ConfigFilter
 .text.HAL_FDCAN_Start
                0x08001b52       0x2e build/stm32g4xx_hal_fdcan.o
                0x08001b52                HAL_FDCAN_Start
 .text.HAL_FDCAN_ActivateNotification
                0x08001b80      0x106 build/stm32g4xx_hal_fdcan.o
                0x08001b80                HAL_FDCAN_ActivateNotification
 .text.HAL_FDCAN_TxEventFifoCallback
                0x08001c86        0x2 build/stm32g4xx_hal_fdcan.o
                0x08001c86                HAL_FDCAN_TxEventFifoCallback
 .text.HAL_FDCAN_RxFifo0Callback
                0x08001c88        0x2 build/stm32g4xx_hal_fdcan.o
                0x08001c88                HAL_FDCAN_RxFifo0Callback
 .text.HAL_FDCAN_TxFifoEmptyCallback
                0x08001c8a        0x2 build/stm32g4xx_hal_fdcan.o
                0x08001c8a                HAL_FDCAN_TxFifoEmptyCallback
 .text.HAL_FDCAN_TxBufferCompleteCallback
                0x08001c8c        0x2 build/stm32g4xx_hal_fdcan.o
                0x08001c8c                HAL_FDCAN_TxBufferCompleteCallback
 .text.HAL_FDCAN_TxBufferAbortCallback
                0x08001c8e        0x2 build/stm32g4xx_hal_fdcan.o
                0x08001c8e                HAL_FDCAN_TxBufferAbortCallback
 .text.HAL_FDCAN_TimestampWraparoundCallback
                0x08001c90        0x2 build/stm32g4xx_hal_fdcan.o
                0x08001c90                HAL_FDCAN_TimestampWraparoundCallback
 .text.HAL_FDCAN_TimeoutOccurredCallback
                0x08001c92        0x2 build/stm32g4xx_hal_fdcan.o
                0x08001c92                HAL_FDCAN_TimeoutOccurredCallback
 .text.HAL_FDCAN_HighPriorityMessageCallback
                0x08001c94        0x2 build/stm32g4xx_hal_fdcan.o
                0x08001c94                HAL_FDCAN_HighPriorityMessageCallback
 .text.HAL_FDCAN_ErrorCallback
                0x08001c96        0x2 build/stm32g4xx_hal_fdcan.o
                0x08001c96                HAL_FDCAN_ErrorCallback
 .text.HAL_FDCAN_ErrorStatusCallback
                0x08001c98        0x2 build/stm32g4xx_hal_fdcan.o
                0x08001c98                HAL_FDCAN_ErrorStatusCallback
 .text.HAL_FDCAN_IRQHandler
                0x08001c9a      0x198 build/stm32g4xx_hal_fdcan.o
                0x08001c9a                HAL_FDCAN_IRQHandler
 *fill*         0x08001e32        0x2 
 .text.HAL_InitTick
                0x08001e34       0x50 build/stm32g4xx_hal.o
                0x08001e34                HAL_InitTick
 .text.HAL_Init
                0x08001e84       0x1e build/stm32g4xx_hal.o
                0x08001e84                HAL_Init
 *fill*         0x08001ea2        0x2 
 .text.HAL_IncTick
                0x08001ea4       0x18 build/stm32g4xx_hal.o
                0x08001ea4                HAL_IncTick
 .text.HAL_GetTick
                0x08001ebc        0xc build/stm32g4xx_hal.o
                0x08001ebc                HAL_GetTick
 .text.HAL_Delay
                0x08001ec8       0x28 build/stm32g4xx_hal.o
                0x08001ec8                HAL_Delay
 .text.RCC_GetSysClockFreqFromPLLSource
                0x08001ef0       0x58 build/stm32g4xx_hal_rcc.o
 .text.HAL_RCC_OscConfig
                0x08001f48      0x4e8 build/stm32g4xx_hal_rcc.o
                0x08001f48                HAL_RCC_OscConfig
 .text.HAL_RCC_GetSysClockFreq
                0x08002430       0x88 build/stm32g4xx_hal_rcc.o
                0x08002430                HAL_RCC_GetSysClockFreq
 .text.HAL_RCC_ClockConfig
                0x080024b8      0x1f8 build/stm32g4xx_hal_rcc.o
                0x080024b8                HAL_RCC_ClockConfig
 .text.HAL_RCC_GetHCLKFreq
                0x080026b0        0xc build/stm32g4xx_hal_rcc.o
                0x080026b0                HAL_RCC_GetHCLKFreq
 .text.HAL_RCC_GetPCLK1Freq
                0x080026bc       0x24 build/stm32g4xx_hal_rcc.o
                0x080026bc                HAL_RCC_GetPCLK1Freq
 .text.HAL_RCC_GetPCLK2Freq
                0x080026e0       0x24 build/stm32g4xx_hal_rcc.o
                0x080026e0                HAL_RCC_GetPCLK2Freq
 .text.HAL_RCCEx_PeriphCLKConfig
                0x08002704      0x2e4 build/stm32g4xx_hal_rcc_ex.o
                0x08002704                HAL_RCCEx_PeriphCLKConfig
 .text.HAL_GPIO_Init
                0x080029e8      0x1d4 build/stm32g4xx_hal_gpio.o
                0x080029e8                HAL_GPIO_Init
 .text.HAL_GPIO_WritePin
                0x08002bbc        0xa build/stm32g4xx_hal_gpio.o
                0x08002bbc                HAL_GPIO_WritePin
 .text.HAL_GPIO_TogglePin
                0x08002bc6       0x12 build/stm32g4xx_hal_gpio.o
                0x08002bc6                HAL_GPIO_TogglePin
 .text.DMA_CalcDMAMUXChannelBaseAndMask
                0x08002bd8       0x48 build/stm32g4xx_hal_dma.o
 .text.DMA_CalcDMAMUXRequestGenBaseAndMask
                0x08002c20       0x28 build/stm32g4xx_hal_dma.o
 .text.HAL_DMA_Init
                0x08002c48       0xd8 build/stm32g4xx_hal_dma.o
                0x08002c48                HAL_DMA_Init
 .text.HAL_DMA_IRQHandler
                0x08002d20       0xc4 build/stm32g4xx_hal_dma.o
                0x08002d20                HAL_DMA_IRQHandler
 .text.HAL_PWREx_ControlVoltageScaling
                0x08002de4      0x10c build/stm32g4xx_hal_pwr_ex.o
                0x08002de4                HAL_PWREx_ControlVoltageScaling
 .text.HAL_PWREx_DisableUCPDDeadBattery
                0x08002ef0       0x10 build/stm32g4xx_hal_pwr_ex.o
                0x08002ef0                HAL_PWREx_DisableUCPDDeadBattery
 .text.__NVIC_EnableIRQ
                0x08002f00       0x1c build/stm32g4xx_hal_cortex.o
 .text.__NVIC_SetPriority
                0x08002f1c       0x28 build/stm32g4xx_hal_cortex.o
 .text.NVIC_EncodePriority
                0x08002f44       0x3e build/stm32g4xx_hal_cortex.o
 *fill*         0x08002f82        0x2 
 .text.HAL_NVIC_SetPriorityGrouping
                0x08002f84       0x24 build/stm32g4xx_hal_cortex.o
                0x08002f84                HAL_NVIC_SetPriorityGrouping
 .text.HAL_NVIC_SetPriority
                0x08002fa8       0x20 build/stm32g4xx_hal_cortex.o
                0x08002fa8                HAL_NVIC_SetPriority
 .text.HAL_NVIC_EnableIRQ
                0x08002fc8        0x8 build/stm32g4xx_hal_cortex.o
                0x08002fc8                HAL_NVIC_EnableIRQ
 .text.HAL_SYSTICK_Config
                0x08002fd0       0x28 build/stm32g4xx_hal_cortex.o
                0x08002fd0                HAL_SYSTICK_Config
 .text.HAL_I2C_Init
                0x08002ff8       0xbc build/stm32g4xx_hal_i2c.o
                0x08002ff8                HAL_I2C_Init
 .text.HAL_I2CEx_ConfigAnalogFilter
                0x080030b4       0x5c build/stm32g4xx_hal_i2c_ex.o
                0x080030b4                HAL_I2CEx_ConfigAnalogFilter
 .text.HAL_I2CEx_ConfigDigitalFilter
                0x08003110       0x58 build/stm32g4xx_hal_i2c_ex.o
                0x08003110                HAL_I2CEx_ConfigDigitalFilter
 .text.HAL_SPI_Init
                0x08003168       0xe8 build/stm32g4xx_hal_spi.o
                0x08003168                HAL_SPI_Init
 .text.TIM_OC1_SetConfig
                0x08003250       0x9c build/stm32g4xx_hal_tim.o
 .text.TIM_OC3_SetConfig
                0x080032ec       0x8c build/stm32g4xx_hal_tim.o
 .text.TIM_OC4_SetConfig
                0x08003378       0x8c build/stm32g4xx_hal_tim.o
 .text.TIM_OC5_SetConfig
                0x08003404       0x68 build/stm32g4xx_hal_tim.o
 .text.TIM_OC6_SetConfig
                0x0800346c       0x6c build/stm32g4xx_hal_tim.o
 .text.TIM_TI1_ConfigInputStage
                0x080034d8       0x26 build/stm32g4xx_hal_tim.o
 .text.TIM_TI2_ConfigInputStage
                0x080034fe       0x28 build/stm32g4xx_hal_tim.o
 .text.TIM_ITRx_SetConfig
                0x08003526       0x14 build/stm32g4xx_hal_tim.o
 .text.HAL_TIM_PWM_MspInit
                0x0800353a        0x2 build/stm32g4xx_hal_tim.o
                0x0800353a                HAL_TIM_PWM_MspInit
 .text.HAL_TIM_PeriodElapsedCallback
                0x0800353c        0x2 build/stm32g4xx_hal_tim.o
                0x0800353c                HAL_TIM_PeriodElapsedCallback
 .text.HAL_TIM_OC_DelayElapsedCallback
                0x0800353e        0x2 build/stm32g4xx_hal_tim.o
                0x0800353e                HAL_TIM_OC_DelayElapsedCallback
 .text.HAL_TIM_IC_CaptureCallback
                0x08003540        0x2 build/stm32g4xx_hal_tim.o
                0x08003540                HAL_TIM_IC_CaptureCallback
 .text.HAL_TIM_PWM_PulseFinishedCallback
                0x08003542        0x2 build/stm32g4xx_hal_tim.o
                0x08003542                HAL_TIM_PWM_PulseFinishedCallback
 .text.HAL_TIM_TriggerCallback
                0x08003544        0x2 build/stm32g4xx_hal_tim.o
                0x08003544                HAL_TIM_TriggerCallback
 .text.HAL_TIM_IRQHandler
                0x08003546      0x21e build/stm32g4xx_hal_tim.o
                0x08003546                HAL_TIM_IRQHandler
 .text.TIM_Base_SetConfig
                0x08003764       0xb8 build/stm32g4xx_hal_tim.o
                0x08003764                TIM_Base_SetConfig
 .text.HAL_TIM_Base_Init
                0x0800381c       0x60 build/stm32g4xx_hal_tim.o
                0x0800381c                HAL_TIM_Base_Init
 .text.HAL_TIM_PWM_Init
                0x0800387c       0x60 build/stm32g4xx_hal_tim.o
                0x0800387c                HAL_TIM_PWM_Init
 .text.HAL_TIM_Encoder_Init
                0x080038dc       0xb0 build/stm32g4xx_hal_tim.o
                0x080038dc                HAL_TIM_Encoder_Init
 .text.TIM_OC2_SetConfig
                0x0800398c       0x8c build/stm32g4xx_hal_tim.o
                0x0800398c                TIM_OC2_SetConfig
 .text.HAL_TIM_PWM_ConfigChannel
                0x08003a18      0x13a build/stm32g4xx_hal_tim.o
                0x08003a18                HAL_TIM_PWM_ConfigChannel
 .text.TIM_ETR_SetConfig
                0x08003b52       0x1a build/stm32g4xx_hal_tim.o
                0x08003b52                TIM_ETR_SetConfig
 .text.HAL_TIM_ConfigClockSource
                0x08003b6c      0x138 build/stm32g4xx_hal_tim.o
                0x08003b6c                HAL_TIM_ConfigClockSource
 .text.HAL_TIMEx_MasterConfigSynchronization
                0x08003ca4       0x94 build/stm32g4xx_hal_tim_ex.o
                0x08003ca4                HAL_TIMEx_MasterConfigSynchronization
 .text.HAL_TIMEx_CommutCallback
                0x08003d38        0x2 build/stm32g4xx_hal_tim_ex.o
                0x08003d38                HAL_TIMEx_CommutCallback
 .text.HAL_TIMEx_BreakCallback
                0x08003d3a        0x2 build/stm32g4xx_hal_tim_ex.o
                0x08003d3a                HAL_TIMEx_BreakCallback
 .text.HAL_TIMEx_Break2Callback
                0x08003d3c        0x2 build/stm32g4xx_hal_tim_ex.o
                0x08003d3c                HAL_TIMEx_Break2Callback
 .text.HAL_TIMEx_EncoderIndexCallback
                0x08003d3e        0x2 build/stm32g4xx_hal_tim_ex.o
                0x08003d3e                HAL_TIMEx_EncoderIndexCallback
 .text.HAL_TIMEx_DirectionChangeCallback
                0x08003d40        0x2 build/stm32g4xx_hal_tim_ex.o
                0x08003d40                HAL_TIMEx_DirectionChangeCallback
 .text.HAL_TIMEx_IndexErrorCallback
                0x08003d42        0x2 build/stm32g4xx_hal_tim_ex.o
                0x08003d42                HAL_TIMEx_IndexErrorCallback
 .text.HAL_TIMEx_TransitionErrorCallback
                0x08003d44        0x2 build/stm32g4xx_hal_tim_ex.o
                0x08003d44                HAL_TIMEx_TransitionErrorCallback
 *fill*         0x08003d46        0x2 
 .text.UART_SetConfig
                0x08003d48      0x344 build/stm32g4xx_hal_uart.o
                0x08003d48                UART_SetConfig
 .text.UART_AdvFeatureConfig
                0x0800408c       0xca build/stm32g4xx_hal_uart.o
                0x0800408c                UART_AdvFeatureConfig
 .text.UART_WaitOnFlagUntilTimeout
                0x08004156       0xd8 build/stm32g4xx_hal_uart.o
                0x08004156                UART_WaitOnFlagUntilTimeout
 .text.HAL_UART_Transmit
                0x0800422e       0xde build/stm32g4xx_hal_uart.o
                0x0800422e                HAL_UART_Transmit
 .text.UART_CheckIdleState
                0x0800430c       0x74 build/stm32g4xx_hal_uart.o
                0x0800430c                UART_CheckIdleState
 .text.HAL_UART_Init
                0x08004380       0x66 build/stm32g4xx_hal_uart.o
                0x08004380                HAL_UART_Init
 *fill*         0x080043e6        0x2 
 .text.UARTEx_SetNbDataToProcess
                0x080043e8       0x4c build/stm32g4xx_hal_uart_ex.o
 .text.HAL_UARTEx_DisableFifoMode
                0x08004434       0x3e build/stm32g4xx_hal_uart_ex.o
                0x08004434                HAL_UARTEx_DisableFifoMode
 .text.HAL_UARTEx_SetTxFifoThreshold
                0x08004472       0x4a build/stm32g4xx_hal_uart_ex.o
                0x08004472                HAL_UARTEx_SetTxFifoThreshold
 .text.HAL_UARTEx_SetRxFifoThreshold
                0x080044bc       0x4a build/stm32g4xx_hal_uart_ex.o
                0x080044bc                HAL_UARTEx_SetRxFifoThreshold
 *fill*         0x08004506        0x2 
 .text.SystemInit
                0x08004508       0x14 build/system_stm32g4xx.o
                0x08004508                SystemInit
 .text.HAL_FDCAN_RxFifo1Callback
                0x0800451c       0x38 build/main.o
                0x0800451c                HAL_FDCAN_RxFifo1Callback
 .text.Error_Handler
                0x08004554        0x4 build/main.o
                0x08004554                Error_Handler
 .text._Z18SystemClock_Configv
                0x08004558       0x72 build/main.o
                0x08004558                SystemClock_Config()
 *fill*         0x080045ca        0x2 
 .text.main     0x080045cc       0xb4 build/main.o
                0x080045cc                main
 .text._Z41__static_initialization_and_destruction_0ii
                0x08004680       0x30 build/CANManager.o
 .text._ZN10CANManager15CAN_FilterSetupEv
                0x080046b0       0x30 build/CANManager.o
                0x080046b0                CANManager::CAN_FilterSetup()
 .text._ZN10CANManager9CAN_StartEv
                0x080046e0       0x54 build/CANManager.o
                0x080046e0                CANManager::CAN_Start()
 .text._GLOBAL__sub_I_A3921DriverInstance
                0x08004734        0xe build/CANManager.o
 *fill*         0x08004742        0x2 
 .text.Reset_Handler
                0x08004744       0x50 build/startup_stm32g431xx.o
                0x08004744                Reset_Handler
 .text.Default_Handler
                0x08004794        0x2 build/startup_stm32g431xx.o
                0x08004794                RTC_Alarm_IRQHandler
                0x08004794                EXTI2_IRQHandler
                0x08004794                TIM8_TRG_COM_IRQHandler
                0x08004794                TIM8_CC_IRQHandler
                0x08004794                TIM1_CC_IRQHandler
                0x08004794                USB_HP_IRQHandler
                0x08004794                CORDIC_IRQHandler
                0x08004794                EXTI3_IRQHandler
                0x08004794                I2C3_ER_IRQHandler
                0x08004794                EXTI0_IRQHandler
                0x08004794                I2C2_EV_IRQHandler
                0x08004794                FPU_IRQHandler
                0x08004794                FDCAN1_IT1_IRQHandler
                0x08004794                TIM1_UP_TIM16_IRQHandler
                0x08004794                ADC1_2_IRQHandler
                0x08004794                SPI1_IRQHandler
                0x08004794                TIM6_DAC_IRQHandler
                0x08004794                TIM8_UP_IRQHandler
                0x08004794                DMA2_Channel2_IRQHandler
                0x08004794                USART3_IRQHandler
                0x08004794                DMA2_Channel1_IRQHandler
                0x08004794                I2C1_EV_IRQHandler
                0x08004794                UART4_IRQHandler
                0x08004794                DMA2_Channel4_IRQHandler
                0x08004794                TIM3_IRQHandler
                0x08004794                RCC_IRQHandler
                0x08004794                Default_Handler
                0x08004794                RTC_TAMP_LSECSS_IRQHandler
                0x08004794                FMAC_IRQHandler
                0x08004794                EXTI15_10_IRQHandler
                0x08004794                TIM7_IRQHandler
                0x08004794                UCPD1_IRQHandler
                0x08004794                I2C3_EV_IRQHandler
                0x08004794                EXTI9_5_IRQHandler
                0x08004794                RTC_WKUP_IRQHandler
                0x08004794                PVD_PVM_IRQHandler
                0x08004794                SPI2_IRQHandler
                0x08004794                DMA2_Channel5_IRQHandler
                0x08004794                CRS_IRQHandler
                0x08004794                USB_LP_IRQHandler
                0x08004794                EXTI4_IRQHandler
                0x08004794                RNG_IRQHandler
                0x08004794                TIM1_TRG_COM_TIM17_IRQHandler
                0x08004794                WWDG_IRQHandler
                0x08004794                LPUART1_IRQHandler
                0x08004794                DMA2_Channel6_IRQHandler
                0x08004794                TIM2_IRQHandler
                0x08004794                COMP1_2_3_IRQHandler
                0x08004794                EXTI1_IRQHandler
                0x08004794                USART2_IRQHandler
                0x08004794                I2C2_ER_IRQHandler
                0x08004794                TIM8_BRK_IRQHandler
                0x08004794                FLASH_IRQHandler
                0x08004794                USART1_IRQHandler
                0x08004794                SPI3_IRQHandler
                0x08004794                I2C1_ER_IRQHandler
                0x08004794                LPTIM1_IRQHandler
                0x08004794                DMAMUX_OVR_IRQHandler
                0x08004794                USBWakeUp_IRQHandler
                0x08004794                SAI1_IRQHandler
                0x08004794                DMA2_Channel3_IRQHandler
                0x08004794                COMP4_IRQHandler
                0x08004794                TIM1_BRK_TIM15_IRQHandler
 *fill*         0x08004796        0x2 
 .text.__udivmoddi4
                0x08004798      0x2bc c:/program files (x86)/arm gnu toolchain arm-none-eabi/12.3 rel1/bin/../lib/gcc/arm-none-eabi/12.3.1/thumb/v7e-m+fp/hard\libgcc.a(_udivmoddi4.o)
                0x08004798                __udivmoddi4
 .text.selfrel_offset31
                0x08004a54       0x14 c:/program files (x86)/arm gnu toolchain arm-none-eabi/12.3 rel1/bin/../lib/gcc/arm-none-eabi/12.3.1/thumb/v7e-m+fp/hard\libgcc.a(unwind-arm.o)
 .text.search_EIT_table
                0x08004a68       0x64 c:/program files (x86)/arm gnu toolchain arm-none-eabi/12.3 rel1/bin/../lib/gcc/arm-none-eabi/12.3.1/thumb/v7e-m+fp/hard\libgcc.a(unwind-arm.o)
 .text.__gnu_unwind_get_pr_addr
                0x08004acc       0x28 c:/program files (x86)/arm gnu toolchain arm-none-eabi/12.3 rel1/bin/../lib/gcc/arm-none-eabi/12.3.1/thumb/v7e-m+fp/hard\libgcc.a(unwind-arm.o)
 .text.get_eit_entry
                0x08004af4       0x94 c:/program files (x86)/arm gnu toolchain arm-none-eabi/12.3 rel1/bin/../lib/gcc/arm-none-eabi/12.3.1/thumb/v7e-m+fp/hard\libgcc.a(unwind-arm.o)
 .text.restore_non_core_regs
                0x08004b88       0x58 c:/program files (x86)/arm gnu toolchain arm-none-eabi/12.3 rel1/bin/../lib/gcc/arm-none-eabi/12.3.1/thumb/v7e-m+fp/hard\libgcc.a(unwind-arm.o)
 .text._Unwind_decode_typeinfo_ptr.constprop.0
                0x08004be0        0xc c:/program files (x86)/arm gnu toolchain arm-none-eabi/12.3 rel1/bin/../lib/gcc/arm-none-eabi/12.3.1/thumb/v7e-m+fp/hard\libgcc.a(unwind-arm.o)
 .text._Unwind_DebugHook
                0x08004bec        0x4 c:/program files (x86)/arm gnu toolchain arm-none-eabi/12.3 rel1/bin/../lib/gcc/arm-none-eabi/12.3.1/thumb/v7e-m+fp/hard\libgcc.a(unwind-arm.o)
 .text.unwind_phase2
                0x08004bf0       0x38 c:/program files (x86)/arm gnu toolchain arm-none-eabi/12.3 rel1/bin/../lib/gcc/arm-none-eabi/12.3.1/thumb/v7e-m+fp/hard\libgcc.a(unwind-arm.o)
 .text.unwind_phase2_forced
                0x08004c28       0xd4 c:/program files (x86)/arm gnu toolchain arm-none-eabi/12.3 rel1/bin/../lib/gcc/arm-none-eabi/12.3.1/thumb/v7e-m+fp/hard\libgcc.a(unwind-arm.o)
 .text.__gnu_Unwind_RaiseException
                0x08004cfc       0x68 c:/program files (x86)/arm gnu toolchain arm-none-eabi/12.3 rel1/bin/../lib/gcc/arm-none-eabi/12.3.1/thumb/v7e-m+fp/hard\libgcc.a(unwind-arm.o)
                0x08004cfc                __gnu_Unwind_RaiseException
 .text.__gnu_Unwind_ForcedUnwind
                0x08004d64       0x10 c:/program files (x86)/arm gnu toolchain arm-none-eabi/12.3 rel1/bin/../lib/gcc/arm-none-eabi/12.3.1/thumb/v7e-m+fp/hard\libgcc.a(unwind-arm.o)
                0x08004d64                __gnu_Unwind_ForcedUnwind
 .text.__gnu_Unwind_Resume
                0x08004d74       0x40 c:/program files (x86)/arm gnu toolchain arm-none-eabi/12.3 rel1/bin/../lib/gcc/arm-none-eabi/12.3.1/thumb/v7e-m+fp/hard\libgcc.a(unwind-arm.o)
                0x08004d74                __gnu_Unwind_Resume
 .text.__gnu_Unwind_Resume_or_Rethrow
                0x08004db4       0x14 c:/program files (x86)/arm gnu toolchain arm-none-eabi/12.3 rel1/bin/../lib/gcc/arm-none-eabi/12.3.1/thumb/v7e-m+fp/hard\libgcc.a(unwind-arm.o)
                0x08004db4                __gnu_Unwind_Resume_or_Rethrow
 .text._Unwind_VRS_Get
                0x08004dc8       0x30 c:/program files (x86)/arm gnu toolchain arm-none-eabi/12.3 rel1/bin/../lib/gcc/arm-none-eabi/12.3.1/thumb/v7e-m+fp/hard\libgcc.a(unwind-arm.o)
                0x08004dc8                _Unwind_VRS_Get
 .text._Unwind_GetGR
                0x08004df8       0x1c c:/program files (x86)/arm gnu toolchain arm-none-eabi/12.3 rel1/bin/../lib/gcc/arm-none-eabi/12.3.1/thumb/v7e-m+fp/hard\libgcc.a(unwind-arm.o)
 .text._Unwind_VRS_Set
                0x08004e14       0x30 c:/program files (x86)/arm gnu toolchain arm-none-eabi/12.3 rel1/bin/../lib/gcc/arm-none-eabi/12.3.1/thumb/v7e-m+fp/hard\libgcc.a(unwind-arm.o)
                0x08004e14                _Unwind_VRS_Set
 .text._Unwind_SetGR
                0x08004e44       0x18 c:/program files (x86)/arm gnu toolchain arm-none-eabi/12.3 rel1/bin/../lib/gcc/arm-none-eabi/12.3.1/thumb/v7e-m+fp/hard\libgcc.a(unwind-arm.o)
 .text.__gnu_Unwind_Backtrace
                0x08004e5c       0x84 c:/program files (x86)/arm gnu toolchain arm-none-eabi/12.3 rel1/bin/../lib/gcc/arm-none-eabi/12.3.1/thumb/v7e-m+fp/hard\libgcc.a(unwind-arm.o)
                0x08004e5c                __gnu_Unwind_Backtrace
 .text.__gnu_unwind_pr_common
                0x08004ee0      0x298 c:/program files (x86)/arm gnu toolchain arm-none-eabi/12.3 rel1/bin/../lib/gcc/arm-none-eabi/12.3.1/thumb/v7e-m+fp/hard\libgcc.a(unwind-arm.o)
 .text.__aeabi_unwind_cpp_pr0
                0x08005178        0x8 c:/program files (x86)/arm gnu toolchain arm-none-eabi/12.3 rel1/bin/../lib/gcc/arm-none-eabi/12.3.1/thumb/v7e-m+fp/hard\libgcc.a(unwind-arm.o)
                0x08005178                __aeabi_unwind_cpp_pr0
 .text.__aeabi_unwind_cpp_pr1
                0x08005180        0x8 c:/program files (x86)/arm gnu toolchain arm-none-eabi/12.3 rel1/bin/../lib/gcc/arm-none-eabi/12.3.1/thumb/v7e-m+fp/hard\libgcc.a(unwind-arm.o)
                0x08005180                __aeabi_unwind_cpp_pr1
 .text.__aeabi_unwind_cpp_pr2
                0x08005188        0x8 c:/program files (x86)/arm gnu toolchain arm-none-eabi/12.3 rel1/bin/../lib/gcc/arm-none-eabi/12.3.1/thumb/v7e-m+fp/hard\libgcc.a(unwind-arm.o)
                0x08005188                __aeabi_unwind_cpp_pr2
 .text._Unwind_VRS_Pop
                0x08005190      0x2a8 c:/program files (x86)/arm gnu toolchain arm-none-eabi/12.3 rel1/bin/../lib/gcc/arm-none-eabi/12.3.1/thumb/v7e-m+fp/hard\libgcc.a(unwind-arm.o)
                0x08005190                _Unwind_VRS_Pop
 .text.next_unwind_byte
                0x08005438       0x38 c:/program files (x86)/arm gnu toolchain arm-none-eabi/12.3 rel1/bin/../lib/gcc/arm-none-eabi/12.3.1/thumb/v7e-m+fp/hard\libgcc.a(pr-support.o)
 .text.__gnu_unwind_execute
                0x08005470      0x2d4 c:/program files (x86)/arm gnu toolchain arm-none-eabi/12.3 rel1/bin/../lib/gcc/arm-none-eabi/12.3.1/thumb/v7e-m+fp/hard\libgcc.a(pr-support.o)
                0x08005470                __gnu_unwind_execute
 .text.findslot
                0x08005744       0x34 c:/program files (x86)/arm gnu toolchain arm-none-eabi/12.3 rel1/bin/../lib/gcc/arm-none-eabi/12.3.1/thumb/v7e-m+fp/hard\librdimon_nano.a(arm_librdimon_a-syscalls.o)
 .text.error    0x08005778       0x1c c:/program files (x86)/arm gnu toolchain arm-none-eabi/12.3 rel1/bin/../lib/gcc/arm-none-eabi/12.3.1/thumb/v7e-m+fp/hard\librdimon_nano.a(arm_librdimon_a-syscalls.o)
 .text.checkerror
                0x08005794        0xa c:/program files (x86)/arm gnu toolchain arm-none-eabi/12.3 rel1/bin/../lib/gcc/arm-none-eabi/12.3.1/thumb/v7e-m+fp/hard\librdimon_nano.a(arm_librdimon_a-syscalls.o)
 .text._swiread
                0x0800579e       0x20 c:/program files (x86)/arm gnu toolchain arm-none-eabi/12.3 rel1/bin/../lib/gcc/arm-none-eabi/12.3.1/thumb/v7e-m+fp/hard\librdimon_nano.a(arm_librdimon_a-syscalls.o)
                0x0800579e                _swiread
 .text._read    0x080057be       0x34 c:/program files (x86)/arm gnu toolchain arm-none-eabi/12.3 rel1/bin/../lib/gcc/arm-none-eabi/12.3.1/thumb/v7e-m+fp/hard\librdimon_nano.a(arm_librdimon_a-syscalls.o)
                0x080057be                _read
 .text._swilseek
                0x080057f2       0x78 c:/program files (x86)/arm gnu toolchain arm-none-eabi/12.3 rel1/bin/../lib/gcc/arm-none-eabi/12.3.1/thumb/v7e-m+fp/hard\librdimon_nano.a(arm_librdimon_a-syscalls.o)
                0x080057f2                _swilseek
 .text._lseek   0x0800586a        0x4 c:/program files (x86)/arm gnu toolchain arm-none-eabi/12.3 rel1/bin/../lib/gcc/arm-none-eabi/12.3.1/thumb/v7e-m+fp/hard\librdimon_nano.a(arm_librdimon_a-syscalls.o)
                0x0800586a                _lseek
 .text._swiwrite
                0x0800586e       0x20 c:/program files (x86)/arm gnu toolchain arm-none-eabi/12.3 rel1/bin/../lib/gcc/arm-none-eabi/12.3.1/thumb/v7e-m+fp/hard\librdimon_nano.a(arm_librdimon_a-syscalls.o)
                0x0800586e                _swiwrite
 .text._write   0x0800588e       0x40 c:/program files (x86)/arm gnu toolchain arm-none-eabi/12.3 rel1/bin/../lib/gcc/arm-none-eabi/12.3.1/thumb/v7e-m+fp/hard\librdimon_nano.a(arm_librdimon_a-syscalls.o)
                0x0800588e                _write
 .text._swiclose
                0x080058ce       0x1a c:/program files (x86)/arm gnu toolchain arm-none-eabi/12.3 rel1/bin/../lib/gcc/arm-none-eabi/12.3.1/thumb/v7e-m+fp/hard\librdimon_nano.a(arm_librdimon_a-syscalls.o)
                0x080058ce                _swiclose
 .text._close   0x080058e8       0x44 c:/program files (x86)/arm gnu toolchain arm-none-eabi/12.3 rel1/bin/../lib/gcc/arm-none-eabi/12.3.1/thumb/v7e-m+fp/hard\librdimon_nano.a(arm_librdimon_a-syscalls.o)
                0x080058e8                _close
 .text._getpid  0x0800592c        0x4 c:/program files (x86)/arm gnu toolchain arm-none-eabi/12.3 rel1/bin/../lib/gcc/arm-none-eabi/12.3.1/thumb/v7e-m+fp/hard\librdimon_nano.a(arm_librdimon_a-syscalls.o)
                0x0800592c                _getpid
 .text._sbrk    0x08005930       0x48 c:/program files (x86)/arm gnu toolchain arm-none-eabi/12.3 rel1/bin/../lib/gcc/arm-none-eabi/12.3.1/thumb/v7e-m+fp/hard\librdimon_nano.a(arm_librdimon_a-syscalls.o)
                0x08005930                _sbrk
 .text._swistat
                0x08005978       0x42 c:/program files (x86)/arm gnu toolchain arm-none-eabi/12.3 rel1/bin/../lib/gcc/arm-none-eabi/12.3.1/thumb/v7e-m+fp/hard\librdimon_nano.a(arm_librdimon_a-syscalls.o)
                0x08005978                _swistat
 .text._fstat   0x080059ba       0x1c c:/program files (x86)/arm gnu toolchain arm-none-eabi/12.3 rel1/bin/../lib/gcc/arm-none-eabi/12.3.1/thumb/v7e-m+fp/hard\librdimon_nano.a(arm_librdimon_a-syscalls.o)
                0x080059ba                _fstat
 .text._stat    0x080059d6       0x3a c:/program files (x86)/arm gnu toolchain arm-none-eabi/12.3 rel1/bin/../lib/gcc/arm-none-eabi/12.3.1/thumb/v7e-m+fp/hard\librdimon_nano.a(arm_librdimon_a-syscalls.o)
                0x080059d6                _stat
 .text._swiopen
                0x08005a10       0xb0 c:/program files (x86)/arm gnu toolchain arm-none-eabi/12.3 rel1/bin/../lib/gcc/arm-none-eabi/12.3.1/thumb/v7e-m+fp/hard\librdimon_nano.a(arm_librdimon_a-syscalls.o)
                0x08005a10                _swiopen
 .text._get_semihosting_exts
                0x08005ac0       0xb4 c:/program files (x86)/arm gnu toolchain arm-none-eabi/12.3 rel1/bin/../lib/gcc/arm-none-eabi/12.3.1/thumb/v7e-m+fp/hard\librdimon_nano.a(arm_librdimon_a-syscalls.o)
                0x08005ac0                _get_semihosting_exts
 .text.initialise_semihosting_exts
                0x08005b74       0x34 c:/program files (x86)/arm gnu toolchain arm-none-eabi/12.3 rel1/bin/../lib/gcc/arm-none-eabi/12.3.1/thumb/v7e-m+fp/hard\librdimon_nano.a(arm_librdimon_a-syscalls.o)
 .text._has_ext_exit_extended
                0x08005ba8       0x18 c:/program files (x86)/arm gnu toolchain arm-none-eabi/12.3 rel1/bin/../lib/gcc/arm-none-eabi/12.3.1/thumb/v7e-m+fp/hard\librdimon_nano.a(arm_librdimon_a-syscalls.o)
                0x08005ba8                _has_ext_exit_extended
 .text._isatty  0x08005bc0       0x3a c:/program files (x86)/arm gnu toolchain arm-none-eabi/12.3 rel1/bin/../lib/gcc/arm-none-eabi/12.3.1/thumb/v7e-m+fp/hard\librdimon_nano.a(arm_librdimon_a-syscalls.o)
                0x08005bc0                _isatty
 .text.abort    0x08005bfa        0xe c:/program files (x86)/arm gnu toolchain arm-none-eabi/12.3 rel1/bin/../lib/gcc/arm-none-eabi/12.3.1/thumb/v7e-m+fp/hard\libc_nano.a(libc_a-abort.o)
                0x08005bfa                abort
 .text.__cvt    0x08005c08       0xd2 c:/program files (x86)/arm gnu toolchain arm-none-eabi/12.3 rel1/bin/../lib/gcc/arm-none-eabi/12.3.1/thumb/v7e-m+fp/hard\libc_nano.a(libc_a-nano-vfprintf_float.o)
                0x08005c08                __cvt
 .text.__exponent
                0x08005cda       0x74 c:/program files (x86)/arm gnu toolchain arm-none-eabi/12.3 rel1/bin/../lib/gcc/arm-none-eabi/12.3.1/thumb/v7e-m+fp/hard\libc_nano.a(libc_a-nano-vfprintf_float.o)
                0x08005cda                __exponent
 *fill*         0x08005d4e        0x2 
 .text._printf_float
                0x08005d50      0x464 c:/program files (x86)/arm gnu toolchain arm-none-eabi/12.3 rel1/bin/../lib/gcc/arm-none-eabi/12.3.1/thumb/v7e-m+fp/hard\libc_nano.a(libc_a-nano-vfprintf_float.o)
                0x08005d50                _printf_float
 .text._printf_common
                0x080061b4       0xda c:/program files (x86)/arm gnu toolchain arm-none-eabi/12.3 rel1/bin/../lib/gcc/arm-none-eabi/12.3.1/thumb/v7e-m+fp/hard\libc_nano.a(libc_a-nano-vfprintf_i.o)
                0x080061b4                _printf_common
 *fill*         0x0800628e        0x2 
 .text._printf_i
                0x08006290      0x258 c:/program files (x86)/arm gnu toolchain arm-none-eabi/12.3 rel1/bin/../lib/gcc/arm-none-eabi/12.3.1/thumb/v7e-m+fp/hard\libc_nano.a(libc_a-nano-vfprintf_i.o)
                0x08006290                _printf_i
 .text.std      0x080064e8       0x6c c:/program files (x86)/arm gnu toolchain arm-none-eabi/12.3 rel1/bin/../lib/gcc/arm-none-eabi/12.3.1/thumb/v7e-m+fp/hard\libc_nano.a(libc_a-findfp.o)
 .text.stdio_exit_handler
                0x08006554       0x18 c:/program files (x86)/arm gnu toolchain arm-none-eabi/12.3 rel1/bin/../lib/gcc/arm-none-eabi/12.3.1/thumb/v7e-m+fp/hard\libc_nano.a(libc_a-findfp.o)
 .text.cleanup_stdio
                0x0800656c       0x40 c:/program files (x86)/arm gnu toolchain arm-none-eabi/12.3 rel1/bin/../lib/gcc/arm-none-eabi/12.3.1/thumb/v7e-m+fp/hard\libc_nano.a(libc_a-findfp.o)
 .text.global_stdio_init.part.0
                0x080065ac       0x3c c:/program files (x86)/arm gnu toolchain arm-none-eabi/12.3 rel1/bin/../lib/gcc/arm-none-eabi/12.3.1/thumb/v7e-m+fp/hard\libc_nano.a(libc_a-findfp.o)
 .text.__sfp_lock_acquire
                0x080065e8        0xc c:/program files (x86)/arm gnu toolchain arm-none-eabi/12.3 rel1/bin/../lib/gcc/arm-none-eabi/12.3.1/thumb/v7e-m+fp/hard\libc_nano.a(libc_a-findfp.o)
                0x080065e8                __sfp_lock_acquire
 .text.__sfp_lock_release
                0x080065f4        0xc c:/program files (x86)/arm gnu toolchain arm-none-eabi/12.3 rel1/bin/../lib/gcc/arm-none-eabi/12.3.1/thumb/v7e-m+fp/hard\libc_nano.a(libc_a-findfp.o)
                0x080065f4                __sfp_lock_release
 .text.__sinit  0x08006600       0x30 c:/program files (x86)/arm gnu toolchain arm-none-eabi/12.3 rel1/bin/../lib/gcc/arm-none-eabi/12.3.1/thumb/v7e-m+fp/hard\libc_nano.a(libc_a-findfp.o)
                0x08006600                __sinit
 .text._fwalk_sglue
                0x08006630       0x3c c:/program files (x86)/arm gnu toolchain arm-none-eabi/12.3 rel1/bin/../lib/gcc/arm-none-eabi/12.3.1/thumb/v7e-m+fp/hard\libc_nano.a(libc_a-fwalk.o)
                0x08006630                _fwalk_sglue
 .text.__sread  0x0800666c       0x22 c:/program files (x86)/arm gnu toolchain arm-none-eabi/12.3 rel1/bin/../lib/gcc/arm-none-eabi/12.3.1/thumb/v7e-m+fp/hard\libc_nano.a(libc_a-stdio.o)
                0x0800666c                __sread
 .text.__swrite
                0x0800668e       0x38 c:/program files (x86)/arm gnu toolchain arm-none-eabi/12.3 rel1/bin/../lib/gcc/arm-none-eabi/12.3.1/thumb/v7e-m+fp/hard\libc_nano.a(libc_a-stdio.o)
                0x0800668e                __swrite
 .text.__sseek  0x080066c6       0x24 c:/program files (x86)/arm gnu toolchain arm-none-eabi/12.3 rel1/bin/../lib/gcc/arm-none-eabi/12.3.1/thumb/v7e-m+fp/hard\libc_nano.a(libc_a-stdio.o)
                0x080066c6                __sseek
 .text.__sclose
                0x080066ea        0x8 c:/program files (x86)/arm gnu toolchain arm-none-eabi/12.3 rel1/bin/../lib/gcc/arm-none-eabi/12.3.1/thumb/v7e-m+fp/hard\libc_nano.a(libc_a-stdio.o)
                0x080066ea                __sclose
 .text.memset   0x080066f2       0x10 c:/program files (x86)/arm gnu toolchain arm-none-eabi/12.3 rel1/bin/../lib/gcc/arm-none-eabi/12.3.1/thumb/v7e-m+fp/hard\libc_nano.a(libc_a-memset.o)
                0x080066f2                memset
 .text._raise_r
                0x08006702       0x50 c:/program files (x86)/arm gnu toolchain arm-none-eabi/12.3 rel1/bin/../lib/gcc/arm-none-eabi/12.3.1/thumb/v7e-m+fp/hard\libc_nano.a(libc_a-signal.o)
                0x08006702                _raise_r
 *fill*         0x08006752        0x2 
 .text.raise    0x08006754       0x10 c:/program files (x86)/arm gnu toolchain arm-none-eabi/12.3 rel1/bin/../lib/gcc/arm-none-eabi/12.3.1/thumb/v7e-m+fp/hard\libc_nano.a(libc_a-signal.o)
                0x08006754                raise
 .text._localeconv_r
                0x08006764        0x8 c:/program files (x86)/arm gnu toolchain arm-none-eabi/12.3 rel1/bin/../lib/gcc/arm-none-eabi/12.3.1/thumb/v7e-m+fp/hard\libc_nano.a(libc_a-localeconv.o)
                0x08006764                _localeconv_r
 .text._close_r
                0x0800676c       0x20 c:/program files (x86)/arm gnu toolchain arm-none-eabi/12.3 rel1/bin/../lib/gcc/arm-none-eabi/12.3.1/thumb/v7e-m+fp/hard\libc_nano.a(libc_a-closer.o)
                0x0800676c                _close_r
 .text._lseek_r
                0x0800678c       0x24 c:/program files (x86)/arm gnu toolchain arm-none-eabi/12.3 rel1/bin/../lib/gcc/arm-none-eabi/12.3.1/thumb/v7e-m+fp/hard\libc_nano.a(libc_a-lseekr.o)
                0x0800678c                _lseek_r
 .text._read_r  0x080067b0       0x24 c:/program files (x86)/arm gnu toolchain arm-none-eabi/12.3 rel1/bin/../lib/gcc/arm-none-eabi/12.3.1/thumb/v7e-m+fp/hard\libc_nano.a(libc_a-readr.o)
                0x080067b0                _read_r
 .text._kill_r  0x080067d4       0x24 c:/program files (x86)/arm gnu toolchain arm-none-eabi/12.3 rel1/bin/../lib/gcc/arm-none-eabi/12.3.1/thumb/v7e-m+fp/hard\libc_nano.a(libc_a-signalr.o)
                0x080067d4                _kill_r
 .text._getpid_r
                0x080067f8        0x4 c:/program files (x86)/arm gnu toolchain arm-none-eabi/12.3 rel1/bin/../lib/gcc/arm-none-eabi/12.3.1/thumb/v7e-m+fp/hard\libc_nano.a(libc_a-signalr.o)
                0x080067f8                _getpid_r
 .text._write_r
                0x080067fc       0x24 c:/program files (x86)/arm gnu toolchain arm-none-eabi/12.3 rel1/bin/../lib/gcc/arm-none-eabi/12.3.1/thumb/v7e-m+fp/hard\libc_nano.a(libc_a-writer.o)
                0x080067fc                _write_r
 .text.__errno  0x08006820        0xc c:/program files (x86)/arm gnu toolchain arm-none-eabi/12.3 rel1/bin/../lib/gcc/arm-none-eabi/12.3.1/thumb/v7e-m+fp/hard\libc_nano.a(libc_a-errno.o)
                0x08006820                __errno
 .text.__libc_init_array
                0x0800682c       0x48 c:/program files (x86)/arm gnu toolchain arm-none-eabi/12.3 rel1/bin/../lib/gcc/arm-none-eabi/12.3.1/thumb/v7e-m+fp/hard\libc_nano.a(libc_a-init.o)
                0x0800682c                __libc_init_array
 .text.__retarget_lock_init_recursive
                0x08006874        0x2 c:/program files (x86)/arm gnu toolchain arm-none-eabi/12.3 rel1/bin/../lib/gcc/arm-none-eabi/12.3.1/thumb/v7e-m+fp/hard\libc_nano.a(libc_a-lock.o)
                0x08006874                __retarget_lock_init_recursive
 .text.__retarget_lock_acquire_recursive
                0x08006876        0x2 c:/program files (x86)/arm gnu toolchain arm-none-eabi/12.3 rel1/bin/../lib/gcc/arm-none-eabi/12.3.1/thumb/v7e-m+fp/hard\libc_nano.a(libc_a-lock.o)
                0x08006876                __retarget_lock_acquire_recursive
 .text.__retarget_lock_release_recursive
                0x08006878        0x2 c:/program files (x86)/arm gnu toolchain arm-none-eabi/12.3 rel1/bin/../lib/gcc/arm-none-eabi/12.3.1/thumb/v7e-m+fp/hard\libc_nano.a(libc_a-lock.o)
                0x08006878                __retarget_lock_release_recursive
 .text.memcpy   0x0800687a       0x1c c:/program files (x86)/arm gnu toolchain arm-none-eabi/12.3 rel1/bin/../lib/gcc/arm-none-eabi/12.3.1/thumb/v7e-m+fp/hard\libc_nano.a(libc_a-memcpy-stub.o)
                0x0800687a                memcpy
 .text.quorem   0x08006896      0x110 c:/program files (x86)/arm gnu toolchain arm-none-eabi/12.3 rel1/bin/../lib/gcc/arm-none-eabi/12.3.1/thumb/v7e-m+fp/hard\libc_nano.a(libc_a-dtoa.o)
 *fill*         0x080069a6        0x2 
 .text._dtoa_r  0x080069a8      0xc58 c:/program files (x86)/arm gnu toolchain arm-none-eabi/12.3 rel1/bin/../lib/gcc/arm-none-eabi/12.3.1/thumb/v7e-m+fp/hard\libc_nano.a(libc_a-dtoa.o)
                0x080069a8                _dtoa_r
 .text._free_r  0x08007600       0x94 c:/program files (x86)/arm gnu toolchain arm-none-eabi/12.3 rel1/bin/../lib/gcc/arm-none-eabi/12.3.1/thumb/v7e-m+fp/hard\libc_nano.a(libc_a-freer.o)
                0x08007600                _free_r
 .text.malloc   0x08007694       0x10 c:/program files (x86)/arm gnu toolchain arm-none-eabi/12.3 rel1/bin/../lib/gcc/arm-none-eabi/12.3.1/thumb/v7e-m+fp/hard\libc_nano.a(libc_a-malloc.o)
                0x08007694                malloc
 .text.sbrk_aligned
                0x080076a4       0x44 c:/program files (x86)/arm gnu toolchain arm-none-eabi/12.3 rel1/bin/../lib/gcc/arm-none-eabi/12.3.1/thumb/v7e-m+fp/hard\libc_nano.a(libc_a-mallocr.o)
 .text._malloc_r
                0x080076e8      0x100 c:/program files (x86)/arm gnu toolchain arm-none-eabi/12.3 rel1/bin/../lib/gcc/arm-none-eabi/12.3.1/thumb/v7e-m+fp/hard\libc_nano.a(libc_a-mallocr.o)
                0x080076e8                _malloc_r
 .text.__malloc_lock
                0x080077e8        0xc c:/program files (x86)/arm gnu toolchain arm-none-eabi/12.3 rel1/bin/../lib/gcc/arm-none-eabi/12.3.1/thumb/v7e-m+fp/hard\libc_nano.a(libc_a-mlock.o)
                0x080077e8                __malloc_lock
 .text.__malloc_unlock
                0x080077f4        0xc c:/program files (x86)/arm gnu toolchain arm-none-eabi/12.3 rel1/bin/../lib/gcc/arm-none-eabi/12.3.1/thumb/v7e-m+fp/hard\libc_nano.a(libc_a-mlock.o)
                0x080077f4                __malloc_unlock
 .text._Balloc  0x08007800       0x80 c:/program files (x86)/arm gnu toolchain arm-none-eabi/12.3 rel1/bin/../lib/gcc/arm-none-eabi/12.3.1/thumb/v7e-m+fp/hard\libc_nano.a(libc_a-mprec.o)
                0x08007800                _Balloc
 .text._Bfree   0x08007880       0x44 c:/program files (x86)/arm gnu toolchain arm-none-eabi/12.3 rel1/bin/../lib/gcc/arm-none-eabi/12.3.1/thumb/v7e-m+fp/hard\libc_nano.a(libc_a-mprec.o)
                0x08007880                _Bfree
 .text.__multadd
                0x080078c4       0x8c c:/program files (x86)/arm gnu toolchain arm-none-eabi/12.3 rel1/bin/../lib/gcc/arm-none-eabi/12.3.1/thumb/v7e-m+fp/hard\libc_nano.a(libc_a-mprec.o)
                0x080078c4                __multadd
 .text.__hi0bits
                0x08007950       0x44 c:/program files (x86)/arm gnu toolchain arm-none-eabi/12.3 rel1/bin/../lib/gcc/arm-none-eabi/12.3.1/thumb/v7e-m+fp/hard\libc_nano.a(libc_a-mprec.o)
                0x08007950                __hi0bits
 .text.__lo0bits
                0x08007994       0x5a c:/program files (x86)/arm gnu toolchain arm-none-eabi/12.3 rel1/bin/../lib/gcc/arm-none-eabi/12.3.1/thumb/v7e-m+fp/hard\libc_nano.a(libc_a-mprec.o)
                0x08007994                __lo0bits
 *fill*         0x080079ee        0x2 
 .text.__i2b    0x080079f0       0x2c c:/program files (x86)/arm gnu toolchain arm-none-eabi/12.3 rel1/bin/../lib/gcc/arm-none-eabi/12.3.1/thumb/v7e-m+fp/hard\libc_nano.a(libc_a-mprec.o)
                0x080079f0                __i2b
 .text.__multiply
                0x08007a1c      0x154 c:/program files (x86)/arm gnu toolchain arm-none-eabi/12.3 rel1/bin/../lib/gcc/arm-none-eabi/12.3.1/thumb/v7e-m+fp/hard\libc_nano.a(libc_a-mprec.o)
                0x08007a1c                __multiply
 .text.__pow5mult
                0x08007b70       0xb4 c:/program files (x86)/arm gnu toolchain arm-none-eabi/12.3 rel1/bin/../lib/gcc/arm-none-eabi/12.3.1/thumb/v7e-m+fp/hard\libc_nano.a(libc_a-mprec.o)
                0x08007b70                __pow5mult
 .text.__lshift
                0x08007c24       0xd8 c:/program files (x86)/arm gnu toolchain arm-none-eabi/12.3 rel1/bin/../lib/gcc/arm-none-eabi/12.3.1/thumb/v7e-m+fp/hard\libc_nano.a(libc_a-mprec.o)
                0x08007c24                __lshift
 .text.__mcmp   0x08007cfc       0x36 c:/program files (x86)/arm gnu toolchain arm-none-eabi/12.3 rel1/bin/../lib/gcc/arm-none-eabi/12.3.1/thumb/v7e-m+fp/hard\libc_nano.a(libc_a-mprec.o)
                0x08007cfc                __mcmp
 *fill*         0x08007d32        0x2 
 .text.__mdiff  0x08007d34      0x128 c:/program files (x86)/arm gnu toolchain arm-none-eabi/12.3 rel1/bin/../lib/gcc/arm-none-eabi/12.3.1/thumb/v7e-m+fp/hard\libc_nano.a(libc_a-mprec.o)
                0x08007d34                __mdiff
 .text.__d2b    0x08007e5c       0xb0 c:/program files (x86)/arm gnu toolchain arm-none-eabi/12.3 rel1/bin/../lib/gcc/arm-none-eabi/12.3.1/thumb/v7e-m+fp/hard\libc_nano.a(libc_a-mprec.o)
                0x08007e5c                __d2b
 .text.__sflush_r
                0x08007f0c      0x108 c:/program files (x86)/arm gnu toolchain arm-none-eabi/12.3 rel1/bin/../lib/gcc/arm-none-eabi/12.3.1/thumb/v7e-m+fp/hard\libc_nano.a(libc_a-fflush.o)
                0x08007f0c                __sflush_r
 .text._fflush_r
                0x08008014       0x50 c:/program files (x86)/arm gnu toolchain arm-none-eabi/12.3 rel1/bin/../lib/gcc/arm-none-eabi/12.3.1/thumb/v7e-m+fp/hard\libc_nano.a(libc_a-fflush.o)
                0x08008014                _fflush_r
 .text._sbrk_r  0x08008064       0x20 c:/program files (x86)/arm gnu toolchain arm-none-eabi/12.3 rel1/bin/../lib/gcc/arm-none-eabi/12.3.1/thumb/v7e-m+fp/hard\libc_nano.a(libc_a-sbrkr.o)
                0x08008064                _sbrk_r
 .text.__assert_func
                0x08008084       0x3c c:/program files (x86)/arm gnu toolchain arm-none-eabi/12.3 rel1/bin/../lib/gcc/arm-none-eabi/12.3.1/thumb/v7e-m+fp/hard\libc_nano.a(libc_a-assert.o)
                0x08008084                __assert_func
 .text._calloc_r
                0x080080c0       0x28 c:/program files (x86)/arm gnu toolchain arm-none-eabi/12.3 rel1/bin/../lib/gcc/arm-none-eabi/12.3.1/thumb/v7e-m+fp/hard\libc_nano.a(libc_a-callocr.o)
                0x080080c0                _calloc_r
 .text.__ascii_mbtowc
                0x080080e8       0x24 c:/program files (x86)/arm gnu toolchain arm-none-eabi/12.3 rel1/bin/../lib/gcc/arm-none-eabi/12.3.1/thumb/v7e-m+fp/hard\libc_nano.a(libc_a-mbtowc_r.o)
                0x080080e8                __ascii_mbtowc
 .text.__ascii_wctomb
                0x0800810c       0x1a c:/program files (x86)/arm gnu toolchain arm-none-eabi/12.3 rel1/bin/../lib/gcc/arm-none-eabi/12.3.1/thumb/v7e-m+fp/hard\libc_nano.a(libc_a-wctomb_r.o)
                0x0800810c                __ascii_wctomb
 *fill*         0x08008126        0x2 
 .text.fprintf  0x08008128       0x24 c:/program files (x86)/arm gnu toolchain arm-none-eabi/12.3 rel1/bin/../lib/gcc/arm-none-eabi/12.3.1/thumb/v7e-m+fp/hard\libc_nano.a(libc_a-fprintf.o)
                0x08008128                fiprintf
                0x08008128                fprintf
 .text.__sfputc_r
                0x0800814c       0x2e c:/program files (x86)/arm gnu toolchain arm-none-eabi/12.3 rel1/bin/../lib/gcc/arm-none-eabi/12.3.1/thumb/v7e-m+fp/hard\libc_nano.a(libc_a-nano-vfprintf.o)
 .text.__sfputs_r
                0x0800817a       0x24 c:/program files (x86)/arm gnu toolchain arm-none-eabi/12.3 rel1/bin/../lib/gcc/arm-none-eabi/12.3.1/thumb/v7e-m+fp/hard\libc_nano.a(libc_a-nano-vfprintf.o)
                0x0800817a                __sfputs_r
 *fill*         0x0800819e        0x2 
 .text._vfprintf_r
                0x080081a0      0x230 c:/program files (x86)/arm gnu toolchain arm-none-eabi/12.3 rel1/bin/../lib/gcc/arm-none-eabi/12.3.1/thumb/v7e-m+fp/hard\libc_nano.a(libc_a-nano-vfprintf.o)
                0x080081a0                _vfprintf_r
                0x080081a0                _vfiprintf_r
 .text.__swbuf_r
                0x080083d0       0x7c c:/program files (x86)/arm gnu toolchain arm-none-eabi/12.3 rel1/bin/../lib/gcc/arm-none-eabi/12.3.1/thumb/v7e-m+fp/hard\libc_nano.a(libc_a-wbuf.o)
                0x080083d0                __swbuf_r
 .text.__swsetup_r
                0x0800844c       0xac c:/program files (x86)/arm gnu toolchain arm-none-eabi/12.3 rel1/bin/../lib/gcc/arm-none-eabi/12.3.1/thumb/v7e-m+fp/hard\libc_nano.a(libc_a-wsetup.o)
                0x0800844c                __swsetup_r
 .text.__swhatbuf_r
                0x080084f8       0x4c c:/program files (x86)/arm gnu toolchain arm-none-eabi/12.3 rel1/bin/../lib/gcc/arm-none-eabi/12.3.1/thumb/v7e-m+fp/hard\libc_nano.a(libc_a-makebuf.o)
                0x080084f8                __swhatbuf_r
 .text.__smakebuf_r
                0x08008544       0x78 c:/program files (x86)/arm gnu toolchain arm-none-eabi/12.3 rel1/bin/../lib/gcc/arm-none-eabi/12.3.1/thumb/v7e-m+fp/hard\libc_nano.a(libc_a-makebuf.o)
                0x08008544                __smakebuf_r
 .text._fstat_r
                0x080085bc       0x24 c:/program files (x86)/arm gnu toolchain arm-none-eabi/12.3 rel1/bin/../lib/gcc/arm-none-eabi/12.3.1/thumb/v7e-m+fp/hard\libc_nano.a(libc_a-fstatr.o)
                0x080085bc                _fstat_r
 .text._isatty_r
                0x080085e0       0x20 c:/program files (x86)/arm gnu toolchain arm-none-eabi/12.3 rel1/bin/../lib/gcc/arm-none-eabi/12.3.1/thumb/v7e-m+fp/hard\libc_nano.a(libc_a-isattyr.o)
                0x080085e0                _isatty_r
 .text._exit    0x08008600       0x14 c:/program files (x86)/arm gnu toolchain arm-none-eabi/12.3 rel1/bin/../lib/gcc/arm-none-eabi/12.3.1/thumb/v7e-m+fp/hard\librdimon_nano.a(arm_librdimon_a-_exit.o)
                0x08008600                _exit
 .text._kill_shared
                0x08008614       0x26 c:/program files (x86)/arm gnu toolchain arm-none-eabi/12.3 rel1/bin/../lib/gcc/arm-none-eabi/12.3.1/thumb/v7e-m+fp/hard\librdimon_nano.a(arm_librdimon_a-_kill.o)
                0x08008614                _kill_shared
 *fill*         0x0800863a        0x2 
 .text._kill    0x0800863c       0x18 c:/program files (x86)/arm gnu toolchain arm-none-eabi/12.3 rel1/bin/../lib/gcc/arm-none-eabi/12.3.1/thumb/v7e-m+fp/hard\librdimon_nano.a(arm_librdimon_a-_kill.o)
                0x0800863c                _kill
 *(.glue_7)
 .glue_7        0x08008654        0x0 linker stubs
 *(.glue_7t)
 .glue_7t       0x08008654        0x0 linker stubs
 *(.eh_frame)
 .eh_frame      0x08008654        0x0 c:/program files (x86)/arm gnu toolchain arm-none-eabi/12.3 rel1/bin/../lib/gcc/arm-none-eabi/12.3.1/thumb/v7e-m+fp/hard/crtbegin.o
 *(.init)
 .init          0x08008654        0x4 c:/program files (x86)/arm gnu toolchain arm-none-eabi/12.3 rel1/bin/../lib/gcc/arm-none-eabi/12.3.1/thumb/v7e-m+fp/hard/crti.o
                0x08008654                _init
 .init          0x08008658        0x8 c:/program files (x86)/arm gnu toolchain arm-none-eabi/12.3 rel1/bin/../lib/gcc/arm-none-eabi/12.3.1/thumb/v7e-m+fp/hard/crtn.o
 *(.fini)
 .fini          0x08008660        0x4 c:/program files (x86)/arm gnu toolchain arm-none-eabi/12.3 rel1/bin/../lib/gcc/arm-none-eabi/12.3.1/thumb/v7e-m+fp/hard/crti.o
                0x08008660                _fini
 .fini          0x08008664        0x8 c:/program files (x86)/arm gnu toolchain arm-none-eabi/12.3 rel1/bin/../lib/gcc/arm-none-eabi/12.3.1/thumb/v7e-m+fp/hard/crtn.o
                0x0800866c                        . = ALIGN (0x4)
                0x0800866c                        _etext = .

.vfp11_veneer   0x0800866c        0x0
 .vfp11_veneer  0x0800866c        0x0 linker stubs

.v4_bx          0x0800866c        0x0
 .v4_bx         0x0800866c        0x0 linker stubs

.iplt           0x0800866c        0x0
 .iplt          0x0800866c        0x0 c:/program files (x86)/arm gnu toolchain arm-none-eabi/12.3 rel1/bin/../lib/gcc/arm-none-eabi/12.3.1/thumb/v7e-m+fp/hard/crtbegin.o

.rodata         0x08008670      0x408
                0x08008670                        . = ALIGN (0x4)
 *(.rodata)
 *(.rodata*)
 .rodata.UARTPrescTable
                0x08008670       0x18 build/stm32g4xx_hal_uart.o
                0x08008670                UARTPrescTable
 .rodata.denominator.0
                0x08008688        0x8 build/stm32g4xx_hal_uart_ex.o
 .rodata.numerator.1
                0x08008690        0x8 build/stm32g4xx_hal_uart_ex.o
 .rodata.APBPrescTable
                0x08008698        0x8 build/system_stm32g4xx.o
                0x08008698                APBPrescTable
 .rodata.AHBPrescTable
                0x080086a0       0x10 build/system_stm32g4xx.o
                0x080086a0                AHBPrescTable
 .rodata.HAL_FDCAN_RxFifo1Callback.str1.4
                0x080086b0       0x19 build/main.o
 *fill*         0x080086c9        0x3 
 .rodata.main.str1.4
                0x080086cc       0x14 build/main.o
 .rodata._ZN10CANManager9CAN_StartEv.str1.4
                0x080086e0        0xe build/CANManager.o
 .rodata._get_semihosting_exts.str1.1
                0x080086ee       0x16 c:/program files (x86)/arm gnu toolchain arm-none-eabi/12.3 rel1/bin/../lib/gcc/arm-none-eabi/12.3.1/thumb/v7e-m+fp/hard\librdimon_nano.a(arm_librdimon_a-syscalls.o)
 .rodata._printf_float.str1.1
                0x08008704       0x12 c:/program files (x86)/arm gnu toolchain arm-none-eabi/12.3 rel1/bin/../lib/gcc/arm-none-eabi/12.3.1/thumb/v7e-m+fp/hard\libc_nano.a(libc_a-nano-vfprintf_float.o)
 .rodata._printf_i.str1.1
                0x08008716       0x22 c:/program files (x86)/arm gnu toolchain arm-none-eabi/12.3 rel1/bin/../lib/gcc/arm-none-eabi/12.3.1/thumb/v7e-m+fp/hard\libc_nano.a(libc_a-nano-vfprintf_i.o)
 .rodata._dtoa_r.str1.1
                0x08008738       0x8e c:/program files (x86)/arm gnu toolchain arm-none-eabi/12.3 rel1/bin/../lib/gcc/arm-none-eabi/12.3.1/thumb/v7e-m+fp/hard\libc_nano.a(libc_a-dtoa.o)
                                 0x90 (size before relaxing)
 .rodata._Balloc.str1.1
                0x080087c6       0x5a c:/program files (x86)/arm gnu toolchain arm-none-eabi/12.3 rel1/bin/../lib/gcc/arm-none-eabi/12.3.1/thumb/v7e-m+fp/hard\libc_nano.a(libc_a-mprec.o)
                                 0x71 (size before relaxing)
 .rodata.__multadd.str1.1
                0x08008820       0x11 c:/program files (x86)/arm gnu toolchain arm-none-eabi/12.3 rel1/bin/../lib/gcc/arm-none-eabi/12.3.1/thumb/v7e-m+fp/hard\libc_nano.a(libc_a-mprec.o)
 .rodata.p05.0  0x08008820        0xc c:/program files (x86)/arm gnu toolchain arm-none-eabi/12.3 rel1/bin/../lib/gcc/arm-none-eabi/12.3.1/thumb/v7e-m+fp/hard\libc_nano.a(libc_a-mprec.o)
 *fill*         0x0800882c        0x4 
 .rodata.__mprec_bigtens
                0x08008830       0x28 c:/program files (x86)/arm gnu toolchain arm-none-eabi/12.3 rel1/bin/../lib/gcc/arm-none-eabi/12.3.1/thumb/v7e-m+fp/hard\libc_nano.a(libc_a-mprec.o)
                0x08008830                __mprec_bigtens
 .rodata.__mprec_tens
                0x08008858       0xc8 c:/program files (x86)/arm gnu toolchain arm-none-eabi/12.3 rel1/bin/../lib/gcc/arm-none-eabi/12.3.1/thumb/v7e-m+fp/hard\libc_nano.a(libc_a-mprec.o)
                0x08008858                __mprec_tens
 .rodata._setlocale_r.str1.1
                0x08008920        0x8 c:/program files (x86)/arm gnu toolchain arm-none-eabi/12.3 rel1/bin/../lib/gcc/arm-none-eabi/12.3.1/thumb/v7e-m+fp/hard\libc_nano.a(libc_a-locale.o)
                                  0x9 (size before relaxing)
 .rodata.str1.1
                0x08008928        0x2 c:/program files (x86)/arm gnu toolchain arm-none-eabi/12.3 rel1/bin/../lib/gcc/arm-none-eabi/12.3.1/thumb/v7e-m+fp/hard\libc_nano.a(libc_a-locale.o)
 .rodata.__assert_func.str1.1
                0x0800892a       0x3c c:/program files (x86)/arm gnu toolchain arm-none-eabi/12.3 rel1/bin/../lib/gcc/arm-none-eabi/12.3.1/thumb/v7e-m+fp/hard\libc_nano.a(libc_a-assert.o)
                                 0x3d (size before relaxing)
 .rodata._ctype_
                0x08008966      0x101 c:/program files (x86)/arm gnu toolchain arm-none-eabi/12.3 rel1/bin/../lib/gcc/arm-none-eabi/12.3.1/thumb/v7e-m+fp/hard\libc_nano.a(libc_a-ctype_.o)
                0x08008966                _ctype_
 .rodata._vfprintf_r.str1.1
                0x08008a67       0x11 c:/program files (x86)/arm gnu toolchain arm-none-eabi/12.3 rel1/bin/../lib/gcc/arm-none-eabi/12.3.1/thumb/v7e-m+fp/hard\libc_nano.a(libc_a-nano-vfprintf.o)
                0x08008a78                        . = ALIGN (0x4)

.ARM.extab      0x08008a78        0xc
 *(.ARM.extab* .gnu.linkonce.armextab.*)
 .ARM.extab.text._ZN10CANManager15CAN_FilterSetupEv
                0x08008a78        0xc build/CANManager.o

.ARM            0x08008a84       0xc8
                0x08008a84                        __exidx_start = .
 *(.ARM.exidx*)
 .ARM.exidx     0x08008a84        0x8 c:/program files (x86)/arm gnu toolchain arm-none-eabi/12.3 rel1/bin/../lib/gcc/arm-none-eabi/12.3.1/thumb/v7e-m+fp/hard\libc_nano.a(libc_a-memchr.o)
 .ARM.exidx     0x08008a8c        0x0 c:/program files (x86)/arm gnu toolchain arm-none-eabi/12.3 rel1/bin/../lib/gcc/arm-none-eabi/12.3.1/thumb/v7e-m+fp/hard\libc_nano.a(libc_a-strlen.o)
                                  0x8 (size before relaxing)
 .ARM.exidx.text.HAL_FDCAN_RxFifo1Callback
                0x08008a8c        0x8 build/main.o
 .ARM.exidx.text.Error_Handler
                0x08008a94        0x8 build/main.o
 .ARM.exidx.text._Z18SystemClock_Configv
                0x08008a9c        0x8 build/main.o
 .ARM.exidx.text.main
                0x08008aa4        0x8 build/main.o
 .ARM.exidx.text._Z41__static_initialization_and_destruction_0ii
                0x08008aac        0x8 build/CANManager.o
 .ARM.exidx.text._ZN10CANManager15CAN_FilterSetupEv
                0x08008ab4        0x8 build/CANManager.o
 .ARM.exidx.text._ZN10CANManager9CAN_StartEv
                0x08008abc        0x8 build/CANManager.o
 .ARM.exidx.text._GLOBAL__sub_I_A3921DriverInstance
                0x08008ac4        0x8 build/CANManager.o
 .ARM.exidx.text.__udivmoddi4
                0x08008acc        0x0 c:/program files (x86)/arm gnu toolchain arm-none-eabi/12.3 rel1/bin/../lib/gcc/arm-none-eabi/12.3.1/thumb/v7e-m+fp/hard\libgcc.a(_udivmoddi4.o)
                                  0x8 (size before relaxing)
 .ARM.exidx.text.selfrel_offset31
                0x08008acc        0x0 c:/program files (x86)/arm gnu toolchain arm-none-eabi/12.3 rel1/bin/../lib/gcc/arm-none-eabi/12.3.1/thumb/v7e-m+fp/hard\libgcc.a(unwind-arm.o)
                                  0x8 (size before relaxing)
 .ARM.exidx.text.search_EIT_table
                0x08008acc        0x0 c:/program files (x86)/arm gnu toolchain arm-none-eabi/12.3 rel1/bin/../lib/gcc/arm-none-eabi/12.3.1/thumb/v7e-m+fp/hard\libgcc.a(unwind-arm.o)
                                  0x8 (size before relaxing)
 .ARM.exidx.text.__gnu_unwind_get_pr_addr
                0x08008acc        0x0 c:/program files (x86)/arm gnu toolchain arm-none-eabi/12.3 rel1/bin/../lib/gcc/arm-none-eabi/12.3.1/thumb/v7e-m+fp/hard\libgcc.a(unwind-arm.o)
                                  0x8 (size before relaxing)
 .ARM.exidx.text.get_eit_entry
                0x08008acc        0x8 c:/program files (x86)/arm gnu toolchain arm-none-eabi/12.3 rel1/bin/../lib/gcc/arm-none-eabi/12.3.1/thumb/v7e-m+fp/hard\libgcc.a(unwind-arm.o)
 .ARM.exidx.text.restore_non_core_regs
                0x08008ad4        0x8 c:/program files (x86)/arm gnu toolchain arm-none-eabi/12.3 rel1/bin/../lib/gcc/arm-none-eabi/12.3.1/thumb/v7e-m+fp/hard\libgcc.a(unwind-arm.o)
 .ARM.exidx.text._Unwind_decode_typeinfo_ptr.constprop.0
                0x08008adc        0x8 c:/program files (x86)/arm gnu toolchain arm-none-eabi/12.3 rel1/bin/../lib/gcc/arm-none-eabi/12.3.1/thumb/v7e-m+fp/hard\libgcc.a(unwind-arm.o)
 .ARM.exidx.text._Unwind_DebugHook
                0x08008ae4        0x0 c:/program files (x86)/arm gnu toolchain arm-none-eabi/12.3 rel1/bin/../lib/gcc/arm-none-eabi/12.3.1/thumb/v7e-m+fp/hard\libgcc.a(unwind-arm.o)
                                  0x8 (size before relaxing)
 .ARM.exidx.text.unwind_phase2
                0x08008ae4        0x8 c:/program files (x86)/arm gnu toolchain arm-none-eabi/12.3 rel1/bin/../lib/gcc/arm-none-eabi/12.3.1/thumb/v7e-m+fp/hard\libgcc.a(unwind-arm.o)
 .ARM.exidx.text.unwind_phase2_forced
                0x08008aec        0x8 c:/program files (x86)/arm gnu toolchain arm-none-eabi/12.3 rel1/bin/../lib/gcc/arm-none-eabi/12.3.1/thumb/v7e-m+fp/hard\libgcc.a(unwind-arm.o)
 .ARM.exidx.text.__gnu_Unwind_RaiseException
                0x08008af4        0x8 c:/program files (x86)/arm gnu toolchain arm-none-eabi/12.3 rel1/bin/../lib/gcc/arm-none-eabi/12.3.1/thumb/v7e-m+fp/hard\libgcc.a(unwind-arm.o)
 .ARM.exidx.text.__gnu_Unwind_ForcedUnwind
                0x08008afc        0x8 c:/program files (x86)/arm gnu toolchain arm-none-eabi/12.3 rel1/bin/../lib/gcc/arm-none-eabi/12.3.1/thumb/v7e-m+fp/hard\libgcc.a(unwind-arm.o)
 .ARM.exidx.text.__gnu_Unwind_Resume
                0x08008b04        0x8 c:/program files (x86)/arm gnu toolchain arm-none-eabi/12.3 rel1/bin/../lib/gcc/arm-none-eabi/12.3.1/thumb/v7e-m+fp/hard\libgcc.a(unwind-arm.o)
 .ARM.exidx.text.__gnu_Unwind_Resume_or_Rethrow
                0x08008b0c        0x8 c:/program files (x86)/arm gnu toolchain arm-none-eabi/12.3 rel1/bin/../lib/gcc/arm-none-eabi/12.3.1/thumb/v7e-m+fp/hard\libgcc.a(unwind-arm.o)
 .ARM.exidx.text._Unwind_VRS_Get
                0x08008b14        0x0 c:/program files (x86)/arm gnu toolchain arm-none-eabi/12.3 rel1/bin/../lib/gcc/arm-none-eabi/12.3.1/thumb/v7e-m+fp/hard\libgcc.a(unwind-arm.o)
                                  0x8 (size before relaxing)
 .ARM.exidx.text._Unwind_GetGR
                0x08008b14        0x0 c:/program files (x86)/arm gnu toolchain arm-none-eabi/12.3 rel1/bin/../lib/gcc/arm-none-eabi/12.3.1/thumb/v7e-m+fp/hard\libgcc.a(unwind-arm.o)
                                  0x8 (size before relaxing)
 .ARM.exidx.text._Unwind_VRS_Set
                0x08008b14        0x0 c:/program files (x86)/arm gnu toolchain arm-none-eabi/12.3 rel1/bin/../lib/gcc/arm-none-eabi/12.3.1/thumb/v7e-m+fp/hard\libgcc.a(unwind-arm.o)
                                  0x8 (size before relaxing)
 .ARM.exidx.text._Unwind_SetGR
                0x08008b14        0x0 c:/program files (x86)/arm gnu toolchain arm-none-eabi/12.3 rel1/bin/../lib/gcc/arm-none-eabi/12.3.1/thumb/v7e-m+fp/hard\libgcc.a(unwind-arm.o)
                                  0x8 (size before relaxing)
 .ARM.exidx.text.__gnu_Unwind_Backtrace
                0x08008b14        0x8 c:/program files (x86)/arm gnu toolchain arm-none-eabi/12.3 rel1/bin/../lib/gcc/arm-none-eabi/12.3.1/thumb/v7e-m+fp/hard\libgcc.a(unwind-arm.o)
 .ARM.exidx.text.__gnu_unwind_pr_common
                0x08008b1c        0x8 c:/program files (x86)/arm gnu toolchain arm-none-eabi/12.3 rel1/bin/../lib/gcc/arm-none-eabi/12.3.1/thumb/v7e-m+fp/hard\libgcc.a(unwind-arm.o)
 .ARM.exidx.text.__aeabi_unwind_cpp_pr0
                0x08008b24        0x8 c:/program files (x86)/arm gnu toolchain arm-none-eabi/12.3 rel1/bin/../lib/gcc/arm-none-eabi/12.3.1/thumb/v7e-m+fp/hard\libgcc.a(unwind-arm.o)
 .ARM.exidx.text.__aeabi_unwind_cpp_pr1
                0x08008b2c        0x0 c:/program files (x86)/arm gnu toolchain arm-none-eabi/12.3 rel1/bin/../lib/gcc/arm-none-eabi/12.3.1/thumb/v7e-m+fp/hard\libgcc.a(unwind-arm.o)
                                  0x8 (size before relaxing)
 .ARM.exidx.text.__aeabi_unwind_cpp_pr2
                0x08008b2c        0x0 c:/program files (x86)/arm gnu toolchain arm-none-eabi/12.3 rel1/bin/../lib/gcc/arm-none-eabi/12.3.1/thumb/v7e-m+fp/hard\libgcc.a(unwind-arm.o)
                                  0x8 (size before relaxing)
 .ARM.exidx.text._Unwind_VRS_Pop
                0x08008b2c        0x8 c:/program files (x86)/arm gnu toolchain arm-none-eabi/12.3 rel1/bin/../lib/gcc/arm-none-eabi/12.3.1/thumb/v7e-m+fp/hard\libgcc.a(unwind-arm.o)
 .ARM.exidx.text.next_unwind_byte
                0x08008b34        0x8 c:/program files (x86)/arm gnu toolchain arm-none-eabi/12.3 rel1/bin/../lib/gcc/arm-none-eabi/12.3.1/thumb/v7e-m+fp/hard\libgcc.a(pr-support.o)
 .ARM.exidx.text.__gnu_unwind_execute
                0x08008b3c       0x10 c:/program files (x86)/arm gnu toolchain arm-none-eabi/12.3 rel1/bin/../lib/gcc/arm-none-eabi/12.3.1/thumb/v7e-m+fp/hard\libgcc.a(pr-support.o)
                                  0x8 (size before relaxing)
                0x08008b4c                        __exidx_end = .

.rel.dyn        0x08008b4c        0x0
 .rel.iplt      0x08008b4c        0x0 c:/program files (x86)/arm gnu toolchain arm-none-eabi/12.3 rel1/bin/../lib/gcc/arm-none-eabi/12.3.1/thumb/v7e-m+fp/hard/crtbegin.o

.preinit_array  0x08008b4c        0x0
                0x08008b4c                        PROVIDE (__preinit_array_start = .)
 *(.preinit_array*)
                0x08008b4c                        PROVIDE (__preinit_array_end = .)

.init_array     0x08008b4c        0x8
                0x08008b4c                        PROVIDE (__init_array_start = .)
 *(SORT_BY_NAME(.init_array.*))
 *(.init_array*)
 .init_array    0x08008b4c        0x4 c:/program files (x86)/arm gnu toolchain arm-none-eabi/12.3 rel1/bin/../lib/gcc/arm-none-eabi/12.3.1/thumb/v7e-m+fp/hard/crtbegin.o
 .init_array    0x08008b50        0x4 build/CANManager.o
                0x08008b54                        PROVIDE (__init_array_end = .)

.fini_array     0x08008b54        0x4
                [!provide]                        PROVIDE (__fini_array_start = .)
 *(SORT_BY_NAME(.fini_array.*))
 *(.fini_array*)
 .fini_array    0x08008b54        0x4 c:/program files (x86)/arm gnu toolchain arm-none-eabi/12.3 rel1/bin/../lib/gcc/arm-none-eabi/12.3.1/thumb/v7e-m+fp/hard/crtbegin.o
                [!provide]                        PROVIDE (__fini_array_end = .)
                0x08008b58                        _sidata = LOADADDR (.data)

.data           0x20000000      0x1e0 load address 0x08008b58
                0x20000000                        . = ALIGN (0x4)
                0x20000000                        _sdata = .
 *(.data)
 *(.data*)
 .data.uwTickFreq
                0x20000000        0x4 build/stm32g4xx_hal.o
                0x20000000                uwTickFreq
 .data.uwTickPrio
                0x20000004        0x4 build/stm32g4xx_hal.o
                0x20000004                uwTickPrio
 .data.SystemCoreClock
                0x20000008        0x4 build/system_stm32g4xx.o
                0x20000008                SystemCoreClock
 .data.__heap_limit
                0x2000000c        0x4 c:/program files (x86)/arm gnu toolchain arm-none-eabi/12.3 rel1/bin/../lib/gcc/arm-none-eabi/12.3.1/thumb/v7e-m+fp/hard\librdimon_nano.a(arm_librdimon_a-syscalls.o)
                0x2000000c                __heap_limit
 .data.supports_ext_stdout_stderr
                0x20000010        0x4 c:/program files (x86)/arm gnu toolchain arm-none-eabi/12.3 rel1/bin/../lib/gcc/arm-none-eabi/12.3.1/thumb/v7e-m+fp/hard\librdimon_nano.a(arm_librdimon_a-syscalls.o)
 .data.supports_ext_exit_extended
                0x20000014        0x4 c:/program files (x86)/arm gnu toolchain arm-none-eabi/12.3 rel1/bin/../lib/gcc/arm-none-eabi/12.3.1/thumb/v7e-m+fp/hard\librdimon_nano.a(arm_librdimon_a-syscalls.o)
 .data.__sglue  0x20000018        0xc c:/program files (x86)/arm gnu toolchain arm-none-eabi/12.3 rel1/bin/../lib/gcc/arm-none-eabi/12.3.1/thumb/v7e-m+fp/hard\libc_nano.a(libc_a-findfp.o)
                0x20000018                __sglue
 .data._impure_ptr
                0x20000024        0x4 c:/program files (x86)/arm gnu toolchain arm-none-eabi/12.3 rel1/bin/../lib/gcc/arm-none-eabi/12.3.1/thumb/v7e-m+fp/hard\libc_nano.a(libc_a-impure.o)
                0x20000024                _impure_ptr
 .data._impure_data
                0x20000028       0x4c c:/program files (x86)/arm gnu toolchain arm-none-eabi/12.3 rel1/bin/../lib/gcc/arm-none-eabi/12.3.1/thumb/v7e-m+fp/hard\libc_nano.a(libc_a-impure.o)
                0x20000028                _impure_data
 .data.__global_locale
                0x20000074      0x16c c:/program files (x86)/arm gnu toolchain arm-none-eabi/12.3 rel1/bin/../lib/gcc/arm-none-eabi/12.3.1/thumb/v7e-m+fp/hard\libc_nano.a(libc_a-locale.o)
                0x20000074                __global_locale
                0x200001e0                        . = ALIGN (0x4)
                0x200001e0                        _edata = .

.tm_clone_table
                0x200001e0        0x0 load address 0x08008d38
 .tm_clone_table
                0x200001e0        0x0 c:/program files (x86)/arm gnu toolchain arm-none-eabi/12.3 rel1/bin/../lib/gcc/arm-none-eabi/12.3.1/thumb/v7e-m+fp/hard/crtbegin.o
 .tm_clone_table
                0x200001e0        0x0 c:/program files (x86)/arm gnu toolchain arm-none-eabi/12.3 rel1/bin/../lib/gcc/arm-none-eabi/12.3.1/thumb/v7e-m+fp/hard/crtend.o

.igot.plt       0x200001e0        0x0 load address 0x08008d38
 .igot.plt      0x200001e0        0x0 c:/program files (x86)/arm gnu toolchain arm-none-eabi/12.3 rel1/bin/../lib/gcc/arm-none-eabi/12.3.1/thumb/v7e-m+fp/hard/crtbegin.o
                0x200001e0                        . = ALIGN (0x4)

.bss            0x200001e0      0x738 load address 0x08008d38
                0x200001e0                        _sbss = .
                0x200001e0                        __bss_start__ = _sbss
 *(.bss)
 *(.bss*)
 .bss.completed.1
                0x200001e0        0x1 c:/program files (x86)/arm gnu toolchain arm-none-eabi/12.3 rel1/bin/../lib/gcc/arm-none-eabi/12.3.1/thumb/v7e-m+fp/hard/crtbegin.o
 *fill*         0x200001e1        0x3 
 .bss.object.0  0x200001e4       0x18 c:/program files (x86)/arm gnu toolchain arm-none-eabi/12.3 rel1/bin/../lib/gcc/arm-none-eabi/12.3.1/thumb/v7e-m+fp/hard/crtbegin.o
 .bss.hfdcan1   0x200001fc       0x64 build/fdcan.o
                0x200001fc                hfdcan1
 .bss.hdma_i2c1_tx
                0x20000260       0x60 build/i2c.o
                0x20000260                hdma_i2c1_tx
 .bss.hdma_i2c1_rx
                0x200002c0       0x60 build/i2c.o
                0x200002c0                hdma_i2c1_rx
 .bss.hi2c1     0x20000320       0x4c build/i2c.o
                0x20000320                hi2c1
 .bss.hdma_spi2_tx
                0x2000036c       0x60 build/spi.o
                0x2000036c                hdma_spi2_tx
 .bss.hdma_spi2_rx
                0x200003cc       0x60 build/spi.o
                0x200003cc                hdma_spi2_rx
 .bss.hspi2     0x2000042c       0x64 build/spi.o
                0x2000042c                hspi2
 .bss.htim4     0x20000490       0x4c build/tim.o
                0x20000490                htim4
 .bss.htim3     0x200004dc       0x4c build/tim.o
                0x200004dc                htim3
 .bss.htim2     0x20000528       0x4c build/tim.o
                0x20000528                htim2
 .bss.htim1     0x20000574       0x4c build/tim.o
                0x20000574                htim1
 .bss.hdma_usart3_tx
                0x200005c0       0x60 build/usart.o
                0x200005c0                hdma_usart3_tx
 .bss.hdma_usart3_rx
                0x20000620       0x60 build/usart.o
                0x20000620                hdma_usart3_rx
 .bss.huart3    0x20000680       0x90 build/usart.o
                0x20000680                huart3
 .bss.uwTick    0x20000710        0x4 build/stm32g4xx_hal.o
                0x20000710                uwTick
 .bss.A3921DriverInstance
                0x20000714       0x14 build/CANManager.o
                0x20000714                A3921DriverInstance
 .bss.heap_end.0
                0x20000728        0x4 c:/program files (x86)/arm gnu toolchain arm-none-eabi/12.3 rel1/bin/../lib/gcc/arm-none-eabi/12.3.1/thumb/v7e-m+fp/hard\librdimon_nano.a(arm_librdimon_a-syscalls.o)
 .bss.openfiles
                0x2000072c       0xa0 c:/program files (x86)/arm gnu toolchain arm-none-eabi/12.3 rel1/bin/../lib/gcc/arm-none-eabi/12.3.1/thumb/v7e-m+fp/hard\librdimon_nano.a(arm_librdimon_a-syscalls.o)
 .bss.__sf      0x200007cc      0x138 c:/program files (x86)/arm gnu toolchain arm-none-eabi/12.3 rel1/bin/../lib/gcc/arm-none-eabi/12.3.1/thumb/v7e-m+fp/hard\libc_nano.a(libc_a-findfp.o)
                0x200007cc                __sf
 .bss.__stdio_exit_handler
                0x20000904        0x4 c:/program files (x86)/arm gnu toolchain arm-none-eabi/12.3 rel1/bin/../lib/gcc/arm-none-eabi/12.3.1/thumb/v7e-m+fp/hard\libc_nano.a(libc_a-findfp.o)
                0x20000904                __stdio_exit_handler
 .bss.errno     0x20000908        0x4 c:/program files (x86)/arm gnu toolchain arm-none-eabi/12.3 rel1/bin/../lib/gcc/arm-none-eabi/12.3.1/thumb/v7e-m+fp/hard\libc_nano.a(libc_a-reent.o)
                0x20000908                errno
 .bss.__lock___malloc_recursive_mutex
                0x2000090c        0x1 c:/program files (x86)/arm gnu toolchain arm-none-eabi/12.3 rel1/bin/../lib/gcc/arm-none-eabi/12.3.1/thumb/v7e-m+fp/hard\libc_nano.a(libc_a-lock.o)
                0x2000090c                __lock___malloc_recursive_mutex
 .bss.__lock___sfp_recursive_mutex
                0x2000090d        0x1 c:/program files (x86)/arm gnu toolchain arm-none-eabi/12.3 rel1/bin/../lib/gcc/arm-none-eabi/12.3.1/thumb/v7e-m+fp/hard\libc_nano.a(libc_a-lock.o)
                0x2000090d                __lock___sfp_recursive_mutex
 *fill*         0x2000090e        0x2 
 .bss.__malloc_sbrk_start
                0x20000910        0x4 c:/program files (x86)/arm gnu toolchain arm-none-eabi/12.3 rel1/bin/../lib/gcc/arm-none-eabi/12.3.1/thumb/v7e-m+fp/hard\libc_nano.a(libc_a-mallocr.o)
                0x20000910                __malloc_sbrk_start
 .bss.__malloc_free_list
                0x20000914        0x4 c:/program files (x86)/arm gnu toolchain arm-none-eabi/12.3 rel1/bin/../lib/gcc/arm-none-eabi/12.3.1/thumb/v7e-m+fp/hard\libc_nano.a(libc_a-mallocr.o)
                0x20000914                __malloc_free_list
 *(COMMON)
                0x20000918                        . = ALIGN (0x4)
                0x20000918                        _ebss = .
                0x20000918                        __bss_end__ = _ebss

._user_heap_stack
                0x20000918      0x600 load address 0x08008d38
                0x20000918                        . = ALIGN (0x8)
                0x20000918                        PROVIDE (end = .)
                [!provide]                        PROVIDE (_end = .)
                0x20000b18                        . = (. + _Min_Heap_Size)
 *fill*         0x20000918      0x200 
                0x20000f18                        . = (. + _Min_Stack_Size)
 *fill*         0x20000b18      0x400 
                0x20000f18                        . = ALIGN (0x8)

/DISCARD/
 libc.a(*)
 libm.a(*)
 libgcc.a(*)

.ARM.attributes
                0x00000000       0x30
 *(.ARM.attributes)
 .ARM.attributes
                0x00000000       0x22 c:/program files (x86)/arm gnu toolchain arm-none-eabi/12.3 rel1/bin/../lib/gcc/arm-none-eabi/12.3.1/thumb/v7e-m+fp/hard/crti.o
 .ARM.attributes
                0x00000022       0x34 c:/program files (x86)/arm gnu toolchain arm-none-eabi/12.3 rel1/bin/../lib/gcc/arm-none-eabi/12.3.1/thumb/v7e-m+fp/hard/crtbegin.o
 .ARM.attributes
                0x00000056       0x34 build/gpio.o
 .ARM.attributes
                0x0000008a       0x34 build/dma.o
 .ARM.attributes
                0x000000be       0x34 build/fdcan.o
 .ARM.attributes
                0x000000f2       0x34 build/i2c.o
 .ARM.attributes
                0x00000126       0x34 build/spi.o
 .ARM.attributes
                0x0000015a       0x34 build/tim.o
 .ARM.attributes
                0x0000018e       0x34 build/usart.o
 .ARM.attributes
                0x000001c2       0x34 build/stm32g4xx_it.o
 .ARM.attributes
                0x000001f6       0x34 build/stm32g4xx_hal_msp.o
 .ARM.attributes
                0x0000022a       0x34 build/stm32g4xx_hal_fdcan.o
 .ARM.attributes
                0x0000025e       0x34 build/stm32g4xx_hal.o
 .ARM.attributes
                0x00000292       0x34 build/stm32g4xx_hal_rcc.o
 .ARM.attributes
                0x000002c6       0x34 build/stm32g4xx_hal_rcc_ex.o
 .ARM.attributes
                0x000002fa       0x34 build/stm32g4xx_hal_gpio.o
 .ARM.attributes
                0x0000032e       0x34 build/stm32g4xx_hal_dma.o
 .ARM.attributes
                0x00000362       0x34 build/stm32g4xx_hal_pwr_ex.o
 .ARM.attributes
                0x00000396       0x34 build/stm32g4xx_hal_cortex.o
 .ARM.attributes
                0x000003ca       0x34 build/stm32g4xx_hal_i2c.o
 .ARM.attributes
                0x000003fe       0x34 build/stm32g4xx_hal_i2c_ex.o
 .ARM.attributes
                0x00000432       0x34 build/stm32g4xx_hal_spi.o
 .ARM.attributes
                0x00000466       0x34 build/stm32g4xx_hal_tim.o
 .ARM.attributes
                0x0000049a       0x34 build/stm32g4xx_hal_tim_ex.o
 .ARM.attributes
                0x000004ce       0x34 build/stm32g4xx_hal_uart.o
 .ARM.attributes
                0x00000502       0x34 build/stm32g4xx_hal_uart_ex.o
 .ARM.attributes
                0x00000536       0x34 build/system_stm32g4xx.o
 .ARM.attributes
                0x0000056a       0x34 build/main.o
 .ARM.attributes
                0x0000059e       0x34 build/CANManager.o
 .ARM.attributes
                0x000005d2       0x21 build/startup_stm32g431xx.o
 .ARM.attributes
                0x000005f3       0x22 c:/program files (x86)/arm gnu toolchain arm-none-eabi/12.3 rel1/bin/../lib/gcc/arm-none-eabi/12.3.1/thumb/v7e-m+fp/hard\libgcc.a(_aeabi_uldivmod.o)
 .ARM.attributes
                0x00000615       0x34 c:/program files (x86)/arm gnu toolchain arm-none-eabi/12.3 rel1/bin/../lib/gcc/arm-none-eabi/12.3.1/thumb/v7e-m+fp/hard\libgcc.a(_udivmoddi4.o)
 .ARM.attributes
                0x00000649       0x34 c:/program files (x86)/arm gnu toolchain arm-none-eabi/12.3 rel1/bin/../lib/gcc/arm-none-eabi/12.3.1/thumb/v7e-m+fp/hard\libgcc.a(unwind-arm.o)
 .ARM.attributes
                0x0000067d       0x22 c:/program files (x86)/arm gnu toolchain arm-none-eabi/12.3 rel1/bin/../lib/gcc/arm-none-eabi/12.3.1/thumb/v7e-m+fp/hard\libgcc.a(libunwind.o)
 .ARM.attributes
                0x0000069f       0x34 c:/program files (x86)/arm gnu toolchain arm-none-eabi/12.3 rel1/bin/../lib/gcc/arm-none-eabi/12.3.1/thumb/v7e-m+fp/hard\libgcc.a(pr-support.o)
 .ARM.attributes
                0x000006d3       0x22 c:/program files (x86)/arm gnu toolchain arm-none-eabi/12.3 rel1/bin/../lib/gcc/arm-none-eabi/12.3.1/thumb/v7e-m+fp/hard\libgcc.a(_dvmd_tls.o)
 .ARM.attributes
                0x000006f5       0x34 c:/program files (x86)/arm gnu toolchain arm-none-eabi/12.3 rel1/bin/../lib/gcc/arm-none-eabi/12.3.1/thumb/v7e-m+fp/hard\librdimon_nano.a(arm_librdimon_a-syscalls.o)
 .ARM.attributes
                0x00000729       0x34 c:/program files (x86)/arm gnu toolchain arm-none-eabi/12.3 rel1/bin/../lib/gcc/arm-none-eabi/12.3.1/thumb/v7e-m+fp/hard\libc_nano.a(libc_a-abort.o)
 .ARM.attributes
                0x0000075d       0x34 c:/program files (x86)/arm gnu toolchain arm-none-eabi/12.3 rel1/bin/../lib/gcc/arm-none-eabi/12.3.1/thumb/v7e-m+fp/hard\libc_nano.a(libc_a-nano-vfprintf_float.o)
 .ARM.attributes